BL51 BANKED LINKER/LOCATER V6.22              09/08/2018  12:59:16  PAGE 1


BL51 BANKED LINKER/LOCATER V6.22, INVOKED BY:
C:\KEIL\C51\BIN\BL51.EXE E:\퉥�]업\PressFit\printer.obj TO E:\퉥�]업\PressFit\
>> PRINTS RS (256) PL (68) PW (78)


MEMORY MODEL: SMALL WITH FLOATING POINT ARITHMETIC


INPUT MODULES INCLUDED:
  E:\퉥�]업\PressFit\printer.obj (PRINTER)
  C:\KEIL\C51\LIB\C51FPS.LIB (?C?FPADD)
  C:\KEIL\C51\LIB\C51FPS.LIB (?C?FPDIV)
  C:\KEIL\C51\LIB\C51FPS.LIB (?C?FCAST)
  C:\KEIL\C51\LIB\C51FPS.LIB (?C?CASTF)
  C:\KEIL\C51\LIB\C51FPS.LIB (?C?FPGETOPN)
  C:\KEIL\C51\LIB\C51S.LIB (?C_STARTUP)
  C:\KEIL\C51\LIB\C51S.LIB (?C?CLDPTR)
  C:\KEIL\C51\LIB\C51S.LIB (?C?CSTPTR)
  C:\KEIL\C51\LIB\C51S.LIB (?C?SIDIV)
  C:\KEIL\C51\LIB\C51S.LIB (?C?IILDX)
  C:\KEIL\C51\LIB\C51S.LIB (?C?ILDIX)
  C:\KEIL\C51\LIB\C51S.LIB (?C?ULDIV)
  C:\KEIL\C51\LIB\C51S.LIB (?C?LNEG)
  C:\KEIL\C51\LIB\C51S.LIB (?C?SLCMP)
  C:\KEIL\C51\LIB\C51S.LIB (?C?ULCMP)
  C:\KEIL\C51\LIB\C51S.LIB (?C?LLDIIDATA)
  C:\KEIL\C51\LIB\C51S.LIB (?C?OFFXADD)
  C:\KEIL\C51\LIB\C51S.LIB (?C_INIT)
  C:\KEIL\C51\LIB\C51S.LIB (?C?UIDIV)


LINK MAP OF MODULE:  E:\퉥�]업\PressFit\PRINTS (PRINTER)


            TYPE    BASE      LENGTH    RELOCATION   SEGMENT NAME
            -----------------------------------------------------

            * * * * * * *   D A T A   M E M O R Y   * * * * * * *
            REG     0000H     0008H     ABSOLUTE     "REG BANK 0"
            DATA    0008H     0015H     UNIT         _DATA_GROUP_
                    001DH     0003H                  *** GAP ***
            DATA    0020H     0001H     ABSOLUTE     
            DATA    0021H     0001H     ABSOLUTE     
            DATA    0022H     0001H     ABSOLUTE     
            DATA    0023H     0001H     BIT_ADDR     ?BA?PRINTER
            BIT     0024H.0   0002H.4   UNIT         ?BI?PRINTER
            BIT     0026H.4   0000H.4   UNIT         _BIT_GROUP_
            DATA    0027H     002CH     UNIT         ?DT?PRINTER
            IDATA   0053H     003FH     UNIT         ?ID?PRINTER
            IDATA   0092H     0001H     UNIT         ?STACK

            * * * * * * *  X D A T A   M E M O R Y  * * * * * * *
            XDATA   0000H     0057H     ABSOLUTE     
            XDATA   0057H     DF7FH     UNIT         ?XD?PRINTER
            XDATA   DFD6H     002BH     UNIT         _XDATA_GROUP_

            * * * * * * *   C O D E   M E M O R Y   * * * * * * *
            CODE    0000H     0003H     ABSOLUTE     
            CODE    0003H     0008H     UNIT         ?PR?CPU1COMMANDIDEL?PRINT
>> ER
            CODE    000BH     0003H     ABSOLUTE     
            CODE    000EH     000CH     UNIT         ?PR?CARBONINI?PRINTER
            CODE    001AH     0001H     UNIT         ?PR?HEADWITHPRINT?PRINTER
>> 
            CODE    001BH     0003H     ABSOLUTE     
            CODE    001EH     000BH     UNIT         ?PR?_GETKEY?PRINTER
BL51 BANKED LINKER/LOCATER V6.22            09/08/2018  12:59:16  PAGE 2


                    0029H     0002H                  *** GAP ***
            CODE    002BH     0003H     ABSOLUTE     
            CODE    002EH     0025H     UNIT         ?PR?MAINMOTORRUN?PRINTER
            CODE    0053H     0003H     ABSOLUTE     
            CODE    0056H     002DH     UNIT         ?PR?DRUGTORIGHT?PRINTER
            CODE    0083H     0003H     ABSOLUTE     
            CODE    0086H     0004H     UNIT         ?PR?CLOSEPRINTER?PRINTER
                    008AH     0001H                  *** GAP ***
            CODE    008BH     0003H     ABSOLUTE     
            CODE    008EH     06A5H     UNIT         ?PR?_PRINT?PRINTER
            CODE    0733H     0468H     UNIT         ?C?LIB_CODE
            CODE    0B9BH     02B4H     UNIT         ?PR?MAIN?PRINTER
            CODE    0E4FH     016FH     UNIT         ?PR?USBPACK?PRINTER
            CODE    0FBEH     0165H     UNIT         ?PR?TIMER0_ISR?PRINTER
            CODE    1123H     015FH     UNIT         ?PR?RECEIVE_SETUP?PRINTER
>> 
            CODE    1282H     0144H     UNIT         ?PR?PACKFORUSB?PRINTER
            CODE    13C6H     0124H     UNIT         ?PR?POWDERLOCATE?PRINTER
            CODE    14EAH     0100H     UNIT         ?PR?CHECKPAUSESTATE?PRINT
>> ER
            CODE    15EAH     00FDH     UNIT         ?PR?_USBPRINT?PRINTER
            CODE    16E7H     00E1H     UNIT         ?PR?_ONEPACK?PRINTER
            CODE    17C8H     00DBH     UNIT         ?PR?PACKWITHPRINT?PRINTER
>> 
            CODE    18A3H     00CDH     UNIT         ?PR?UART1_ISR?PRINTER
            CODE    1970H     00C9H     UNIT         ?PR?ADC0_ISR?PRINTER
            CODE    1A39H     00C2H     UNIT         ?PR?_ACCESSCPU0?PRINTER
            CODE    1AFBH     00A3H     UNIT         ?PR?PACKING?PRINTER
            CODE    1B9EH     008EH     UNIT         ?PR?USB_API_TEST_ISR?PRIN
>> TER
            CODE    1C2CH     008CH     UNIT         ?C_C51STARTUP
            CODE    1CB8H     007AH     UNIT         ?PR?RXPACKINFO?PRINTER
            CODE    1D32H     0072H     UNIT         ?PR?PACKWITHOUTPRINT?PRIN
>> TER
            CODE    1DA4H     006BH     UNIT         ?PR?_ONESTEP?PRINTER
            CODE    1E0FH     0068H     UNIT         ?PR?CLOSELEAVE?PRINTER
            CODE    1E77H     005EH     UNIT         ?PR?STATE_MACHINE?PRINTER
>> 
            CODE    1ED5H     0055H     UNIT         ?PR?DRUGCOVEROPEN?PRINTER
>> 
            CODE    1F2AH     0055H     UNIT         ?PR?POWDERCOVEROPEN?PRINT
>> ER
            CODE    1F7FH     0053H     UNIT         ?PR?_SHAKE?PRINTER
            CODE    1FD2H     002DH     UNIT         ?PR?_CHECKERRORCODE?PRINT
>> ER
                    1FFFH     0001H                  *** GAP ***
            CODE    2000H     0003H     ABSOLUTE     
            CODE    2003H     3B04H     UNIT         ?CO?PRINTER
            CODE    5B07H     0050H     UNIT         ?C_INITSEG
            CODE    5B57H     0049H     UNIT         ?PR?TPHCONTROL?PRINTER
            CODE    5BA0H     0049H     UNIT         ?PR?AUTOCLEAR?PRINTER
            CODE    5BE9H     0044H     UNIT         ?PR?TIMER1_ISR?PRINTER
            CODE    5C2DH     0041H     UNIT         ?PR?CUTER?PRINTER
            CODE    5C6EH     003CH     UNIT         ?PR?MEMORYCLEAR?PRINTER
            CODE    5CAAH     003BH     UNIT         ?PR?USBPACKING?PRINTER
            CODE    5CE5H     0039H     UNIT         ?PR?__ONE?PRINTER
            CODE    5D1EH     0038H     UNIT         ?PR?POWDERTOLEFT?PRINTER
            CODE    5D56H     0038H     UNIT         ?PR?SHOWPACKTYPE?PRINTER
            CODE    5D8EH     0038H     UNIT         ?PR?SHOWPACKTYPEUSB?PRINT
>> ER
            CODE    5DC6H     0036H     UNIT         ?PR?MAINMOTORPRESS?PRINTE
>> R
            CODE    5DFCH     0034H     UNIT         ?PR?FIVESTEP?PRINTER
            CODE    5E30H     0034H     UNIT         ?PR?PAPERMOTORLOCATE?PRIN
>> TER
BL51 BANKED LINKER/LOCATER V6.22            09/08/2018  12:59:16  PAGE 3


            CODE    5E64H     0032H     UNIT         ?PR?TIMER2_ISR?PRINTER
            CODE    5E96H     0030H     UNIT         ?PR?POWDERTORIGHT?PRINTER
>> 
            CODE    5EC6H     002FH     UNIT         ?PR?POWDERNUMBER?PRINTER
            CODE    5EF5H     002BH     UNIT         ?PR?DISABLEALLDRIVER?PRIN
>> TER
            CODE    5F20H     002AH     UNIT         ?PR?_SPACEPACKING?PRINTER
>> 
            CODE    5F4AH     0027H     UNIT         ?PR?_POWDER?PRINTER
            CODE    5F71H     0026H     UNIT         ?PR?INI_U14?PRINTER
            CODE    5F97H     0026H     UNIT         ?PR?PAPERMOTORFORWARD?PRI
>> NTER
            CODE    5FBDH     0026H     UNIT         ?PR?PAPERMOTORREVERSE?PRI
>> NTER
            CODE    5FE3H     0023H     UNIT         ?PR?INI_U15?PRINTER
            CODE    6006H     0023H     UNIT         ?PR?_PUTCHAR?PRINTER
            CODE    6029H     001FH     UNIT         ?PR?PORT_INI?PRINTER
            CODE    6048H     001EH     UNIT         ?PR?_DELAY?PRINTER
            CODE    6066H     001DH     UNIT         ?PR?__U15PC?PRINTER
            CODE    6083H     001BH     UNIT         ?PR?_I_DELAY?PRINTER
            CODE    609EH     001BH     UNIT         ?PR?PCA0_INIT?PRINTER
            CODE    60B9H     001AH     UNIT         ?PR?TIMER0_INIT?PRINTER
            CODE    60D3H     0016H     UNIT         ?PR?__U14PB?PRINTER
            CODE    60E9H     0016H     UNIT         ?PR?__U14PC?PRINTER
            CODE    60FFH     0016H     UNIT         ?PR?__U15MOTOR?PRINTER
            CODE    6115H     0016H     UNIT         ?PR?_U15PAR?PRINTER
            CODE    612BH     0016H     UNIT         ?PR?_U15PBR?PRINTER
            CODE    6141H     0016H     UNIT         ?PR?_U14PAR?PRINTER
            CODE    6157H     0014H     UNIT         ?PR?ADC0_INIT?PRINTER
            CODE    616BH     0012H     UNIT         ?PR?CARBON?PRINTER
            CODE    617DH     0010H     UNIT         ?PR?OSCILLATOR_INIT?PRINT
>> ER
            CODE    618DH     0010H     UNIT         ?PR?UART1_INIT?PRINTER
            CODE    619DH     000EH     UNIT         ?PR?CPU1COMMAND?PRINTER
            CODE    61ABH     000AH     UNIT         ?PR?TIMER2_INIT?PRINTER
            CODE    61B5H     000AH     UNIT         ?PR?EMIF_INIT?PRINTER
            CODE    61BFH     000AH     UNIT         ?PR?SPI_INIT?PRINTER
            CODE    61C9H     0007H     UNIT         ?PR?INTERRUPTS_INIT?PRINT
>> ER
            CODE    61D0H     0007H     UNIT         ?PR?SYSCLK_INIT?PRINTER
            CODE    61D7H     0003H     UNIT         ?PR?SPACEPACK?PRINTER



OVERLAY MAP OF MODULE:   E:\퉥�]업\PressFit\PRINTS (PRINTER)


SEGMENT                                  BIT_GROUP          DATA_GROUP        
>>   XDATA_GROUP
  +--> CALLED SEGMENT                 START    LENGTH     START    LENGTH     
>> START    LENGTH
------------------------------------------------------------------------------
>> ---------------
?PR?USB_API_TEST_ISR?PRINTER          -----    -----      -----    -----      
>> -----    -----
  +--> ?PR?STATE_MACHINE?PRINTER

?PR?STATE_MACHINE?PRINTER             -----    -----      -----    -----      
>> -----    -----
  +--> ?PR?RECEIVE_SETUP?PRINTER

?PR?RECEIVE_SETUP?PRINTER             -----    -----      0008H    0001H      
>> -----    -----

*** NEW ROOT ***************************************************
BL51 BANKED LINKER/LOCATER V6.22            09/08/2018  12:59:16  PAGE 4



?PR?TIMER0_ISR?PRINTER                -----    -----      -----    -----      
>> -----    -----
  +--> ?PR?__U14PC?PRINTER
  +--> ?PR?__U15PC?PRINTER
  +--> ?PR?_U14PAR?PRINTER
  +--> ?PR?_U15PAR?PRINTER
  +--> ?PR?_U15PBR?PRINTER

*** NEW ROOT ***************************************************

?C_C51STARTUP                         -----    -----      -----    -----      
>> -----    -----
  +--> ?PR?MAIN?PRINTER
  +--> ?C_INITSEG

?PR?MAIN?PRINTER                      -----    -----      0009H    0005H      
>> -----    -----
  +--> ?CO?PRINTER
  +--> ?PR?SPI_INIT?PRINTER
  +--> ?PR?PORT_INI?PRINTER
  +--> ?PR?OSCILLATOR_INIT?PRINTER
  +--> ?PR?PCA0_INIT?PRINTER
  +--> ?PR?INI_U15?PRINTER
  +--> ?PR?INI_U14?PRINTER
  +--> ?PR?EMIF_INIT?PRINTER
  +--> ?PR?TIMER0_INIT?PRINTER
  +--> ?PR?TIMER2_INIT?PRINTER
  +--> ?PR?ADC0_INIT?PRINTER
  +--> ?PR?__U14PB?PRINTER
  +--> ?PR?DISABLEALLDRIVER?PRINTER
  +--> ?PR?MEMORYCLEAR?PRINTER
  +--> ?PR?CPU1COMMANDIDEL?PRINTER
  +--> ?PR?CPU1COMMAND?PRINTER
  +--> ?PR?PACKING?PRINTER
  +--> ?PR?_DELAY?PRINTER
  +--> ?PR?MAINMOTORPRESS?PRINTER
  +--> ?PR?_I_DELAY?PRINTER
  +--> ?PR?_CHECKERRORCODE?PRINTER
  +--> ?PR?USBPACKING?PRINTER

?PR?INI_U15?PRINTER                   -----    -----      -----    -----      
>> -----    -----
  +--> ?PR?_DELAY?PRINTER

?PR?_DELAY?PRINTER                    -----    -----      001CH    0001H      
>> -----    -----

?PR?INI_U14?PRINTER                   -----    -----      -----    -----      
>> -----    -----
  +--> ?PR?_DELAY?PRINTER

?PR?DISABLEALLDRIVER?PRINTER          -----    -----      -----    -----      
>> -----    -----
  +--> ?PR?_DELAY?PRINTER

?PR?PACKING?PRINTER                   -----    -----      -----    -----      
>> -----    -----
  +--> ?PR?_ACCESSCPU0?PRINTER
  +--> ?PR?CHECKPAUSESTATE?PRINTER
  +--> ?PR?PAPERMOTORLOCATE?PRINTER
  +--> ?PR?POWDERCOVEROPEN?PRINTER
  +--> ?PR?DRUGCOVEROPEN?PRINTER
  +--> ?PR?PACKWITHPRINT?PRINTER
  +--> ?PR?PACKWITHOUTPRINT?PRINTER
BL51 BANKED LINKER/LOCATER V6.22            09/08/2018  12:59:16  PAGE 5


  +--> ?PR?POWDERNUMBER?PRINTER
  +--> ?PR?AUTOCLEAR?PRINTER
  +--> ?PR?_DELAY?PRINTER
  +--> ?PR?MEMORYCLEAR?PRINTER
  +--> ?PR?CPU1COMMANDIDEL?PRINTER

?PR?_ACCESSCPU0?PRINTER               -----    -----      0013H    0003H      
>> -----    -----
  +--> ?PR?_PUTCHAR?PRINTER
  +--> ?PR?RXPACKINFO?PRINTER
  +--> ?PR?_DELAY?PRINTER
  +--> ?PR?CPU1COMMANDIDEL?PRINTER

?PR?RXPACKINFO?PRINTER                -----    -----      -----    -----      
>> DFD6H    002BH

?PR?CHECKPAUSESTATE?PRINTER           0026H.6  0000H.1    -----    -----      
>> -----    -----
  +--> ?PR?_ACCESSCPU0?PRINTER
  +--> ?PR?_DELAY?PRINTER
  +--> ?PR?CLOSEPRINTER?PRINTER
  +--> ?PR?CARBON?PRINTER
  +--> ?PR?CPU1COMMAND?PRINTER
  +--> ?PR?CPU1COMMANDIDEL?PRINTER
  +--> ?PR?PAPERMOTORLOCATE?PRINTER
  +--> ?PR?SHOWPACKTYPE?PRINTER
  +--> ?PR?CARBONINI?PRINTER
  +--> ?PR?MAINMOTORRUN?PRINTER

?PR?CARBON?PRINTER                    0026H.7  0000H.1    -----    -----      
>> -----    -----

?PR?PAPERMOTORLOCATE?PRINTER          -----    -----      0012H    0001H      
>> -----    -----
  +--> ?PR?_DELAY?PRINTER
  +--> ?PR?_ONESTEP?PRINTER

?PR?SHOWPACKTYPE?PRINTER              -----    -----      -----    -----      
>> -----    -----
  +--> ?PR?_ACCESSCPU0?PRINTER

?PR?MAINMOTORRUN?PRINTER              -----    -----      -----    -----      
>> -----    -----
  +--> ?PR?PAPERMOTORFORWARD?PRINTER
  +--> ?PR?PAPERMOTORREVERSE?PRINTER
  +--> ?PR?PAPERMOTORLOCATE?PRINTER

?PR?PAPERMOTORFORWARD?PRINTER         -----    -----      0012H    0002H      
>> -----    -----
  +--> ?PR?_DELAY?PRINTER
  +--> ?PR?_ONESTEP?PRINTER

?PR?PAPERMOTORREVERSE?PRINTER         -----    -----      0012H    0002H      
>> -----    -----
  +--> ?PR?_DELAY?PRINTER
  +--> ?PR?_ONESTEP?PRINTER

?PR?POWDERCOVEROPEN?PRINTER           -----    -----      000EH    0001H      
>> -----    -----
  +--> ?PR?_DELAY?PRINTER
  +--> ?PR?_I_DELAY?PRINTER
  +--> ?PR?_CHECKERRORCODE?PRINTER

?PR?_I_DELAY?PRINTER                  -----    -----      0011H    0001H      
>> -----    -----
BL51 BANKED LINKER/LOCATER V6.22            09/08/2018  12:59:16  PAGE 6



?PR?_CHECKERRORCODE?PRINTER           -----    -----      -----    -----      
>> -----    -----
  +--> ?PR?DISABLEALLDRIVER?PRINTER
  +--> ?PR?_ACCESSCPU0?PRINTER
  +--> ?PR?_DELAY?PRINTER

?PR?DRUGCOVEROPEN?PRINTER             -----    -----      000EH    0001H      
>> -----    -----
  +--> ?PR?_DELAY?PRINTER
  +--> ?PR?_I_DELAY?PRINTER
  +--> ?PR?_CHECKERRORCODE?PRINTER

?PR?PACKWITHPRINT?PRINTER             -----    -----      000EH    0001H      
>> -----    -----
  +--> ?PR?HEADWITHPRINT?PRINTER
  +--> ?PR?CARBON?PRINTER
  +--> ?PR?_DELAY?PRINTER
  +--> ?PR?CARBONINI?PRINTER
  +--> ?PR?SHOWPACKTYPE?PRINTER
  +--> ?PR?_ONEPACK?PRINTER
  +--> ?PR?_SPACEPACKING?PRINTER
  +--> ?PR?__ONE?PRINTER
  +--> ?PR?PAPERMOTORLOCATE?PRINTER

?PR?_ONEPACK?PRINTER                  0026H.4  0000H.2    000FH    0003H      
>> -----    -----
  +--> ?PR?CHECKPAUSESTATE?PRINTER
  +--> ?PR?_PRINT?PRINTER
  +--> ?PR?CARBON?PRINTER
  +--> ?PR?_DELAY?PRINTER
  +--> ?PR?CUTER?PRINTER
  +--> ?PR?_ONESTEP?PRINTER
  +--> ?PR?_SHAKE?PRINTER
  +--> ?PR?CLOSEPRINTER?PRINTER

?PR?_PRINT?PRINTER                    -----    -----      0012H    000AH      
>> -----    -----
  +--> ?CO?PRINTER
  +--> ?PR?TPHCONTROL?PRINTER
  +--> ?PR?FIVESTEP?PRINTER

?PR?TPHCONTROL?PRINTER                -----    -----      -----    -----      
>> -----    -----
  +--> ?PR?__U14PB?PRINTER
  +--> ?PR?__U15PC?PRINTER
  +--> ?PR?_DELAY?PRINTER

?PR?CUTER?PRINTER                     -----    -----      -----    -----      
>> -----    -----
  +--> ?PR?_DELAY?PRINTER

?PR?_SPACEPACKING?PRINTER             -----    -----      000FH    0001H      
>> -----    -----
  +--> ?PR?SPACEPACK?PRINTER
  +--> ?PR?_DELAY?PRINTER
  +--> ?PR?MAINMOTORPRESS?PRINTER

?PR?SPACEPACK?PRINTER                 -----    -----      -----    -----      
>> -----    -----
  +--> ?PR?PAPERMOTORLOCATE?PRINTER

?PR?MAINMOTORPRESS?PRINTER            -----    -----      -----    -----      
>> -----    -----
  +--> ?PR?_DELAY?PRINTER
BL51 BANKED LINKER/LOCATER V6.22            09/08/2018  12:59:16  PAGE 7


  +--> ?PR?_I_DELAY?PRINTER
  +--> ?PR?_CHECKERRORCODE?PRINTER

?PR?__ONE?PRINTER                     0026H.4  0000H.1    000FH    0003H      
>> -----    -----
  +--> ?PR?CHECKPAUSESTATE?PRINTER
  +--> ?PR?_DELAY?PRINTER
  +--> ?PR?_ONESTEP?PRINTER
  +--> ?PR?CUTER?PRINTER
  +--> ?PR?CLOSEPRINTER?PRINTER

?PR?PACKWITHOUTPRINT?PRINTER          -----    -----      000EH    0001H      
>> -----    -----
  +--> ?PR?_DELAY?PRINTER
  +--> ?PR?SHOWPACKTYPE?PRINTER
  +--> ?PR?_ONEPACK?PRINTER
  +--> ?PR?_ACCESSCPU0?PRINTER
  +--> ?PR?_SPACEPACKING?PRINTER
  +--> ?PR?__ONE?PRINTER
  +--> ?PR?PAPERMOTORLOCATE?PRINTER

?PR?POWDERNUMBER?PRINTER              -----    -----      000EH    0001H      
>> -----    -----
  +--> ?PR?_ACCESSCPU0?PRINTER
  +--> ?PR?PAPERMOTORLOCATE?PRINTER
  +--> ?PR?POWDERTOLEFT?PRINTER
  +--> ?PR?POWDERLOCATE?PRINTER

?PR?POWDERTOLEFT?PRINTER              -----    -----      -----    -----      
>> -----    -----
  +--> ?PR?_POWDER?PRINTER
  +--> ?PR?_I_DELAY?PRINTER
  +--> ?PR?_CHECKERRORCODE?PRINTER
  +--> ?PR?_DELAY?PRINTER

?PR?_POWDER?PRINTER                   -----    -----      0013H    0001H      
>> -----    -----
  +--> ?PR?_DELAY?PRINTER

?PR?POWDERLOCATE?PRINTER              -----    -----      000FH    0004H      
>> -----    -----
  +--> ?PR?_ACCESSCPU0?PRINTER
  +--> ?PR?_POWDER?PRINTER
  +--> ?PR?_DELAY?PRINTER

?PR?AUTOCLEAR?PRINTER                 -----    -----      -----    -----      
>> -----    -----
  +--> ?PR?_ACCESSCPU0?PRINTER
  +--> ?PR?PAPERMOTORLOCATE?PRINTER
  +--> ?PR?_DELAY?PRINTER
  +--> ?PR?POWDERTOLEFT?PRINTER
  +--> ?PR?POWDERLOCATE?PRINTER

?PR?USBPACKING?PRINTER                -----    -----      -----    -----      
>> -----    -----
  +--> ?PR?PACKFORUSB?PRINTER
  +--> ?PR?_DELAY?PRINTER
  +--> ?PR?MEMORYCLEAR?PRINTER
  +--> ?PR?CPU1COMMANDIDEL?PRINTER

?PR?PACKFORUSB?PRINTER                -----    -----      000EH    0001H      
>> -----    -----
  +--> ?PR?_I_DELAY?PRINTER
  +--> ?PR?_DELAY?PRINTER
  +--> ?PR?CARBONINI?PRINTER
BL51 BANKED LINKER/LOCATER V6.22            09/08/2018  12:59:16  PAGE 8


  +--> ?PR?MAINMOTORPRESS?PRINTER
  +--> ?PR?USBPACK?PRINTER
  +--> ?PR?CUTER?PRINTER

?PR?USBPACK?PRINTER                   0026H.4  0000H.2    000FH    0002H      
>> -----    -----
  +--> ?PR?_DELAY?PRINTER
  +--> ?PR?_USBPRINT?PRINTER
  +--> ?PR?CARBON?PRINTER
  +--> ?PR?MAINMOTORPRESS?PRINTER
  +--> ?PR?_I_DELAY?PRINTER
  +--> ?PR?CLOSEPRINTER?PRINTER
  +--> ?PR?CUTER?PRINTER

?PR?_USBPRINT?PRINTER                 -----    -----      0011H    0003H      
>> -----    -----
  +--> ?PR?__U15PC?PRINTER
  +--> ?PR?TPHCONTROL?PRINTER
  +--> ?PR?FIVESTEP?PRINTER



UNRESOLVED EXTERNAL SYMBOLS:
   ?_USB_INIT?BYTE
   GET_INTERRUPT_SOURCE
   RECEIVE_FILE
   USB_CLOCK_START
   USB_INT_ENABLE
   _BLOCK_READ
   _BLOCK_WRITE
   _USB_INIT



SYMBOL TABLE OF MODULE:  E:\퉥�]업\PressFit\PRINTS (PRINTER)

  VALUE           TYPE          NAME
  ----------------------------------

  -------         MODULE        PRINTER
  C:0000H         SYMBOL        _ICE_DUMMY_
  B:0024H.0       PUBLIC        IsPacking
  B:0020H.2       PUBLIC        PaperHall
  B:0021H.1       PUBLIC        PowderCounterPS
  D:00A2H         PUBLIC        SPI0CKR
  D:0090H         PUBLIC        P1
  D:0027H         PUBLIC        DrugStartPosition
  B:0022H.0       PUBLIC        FG_Drug
  D:00A0H         PUBLIC        P2
  B:0024H.1       PUBLIC        CounterTag
  C:5CE5H         PUBLIC        __One
  D:00BCH         PUBLIC        ADC0CF
  D:00B0H         PUBLIC        P3
  C:0FBEH         PUBLIC        Timer0_ISR
  C:203BH         PUBLIC        USB_MaxPower
  D:00C7H         PUBLIC        P4
  C:5BE9H         PUBLIC        Timer1_ISR
  B:0090H.4       PUBLIC        _Sel
  D:00E6H         PUBLIC        EIE1
  C:5E64H         PUBLIC        Timer2_ISR
  C:5C2DH         PUBLIC        Cuter
  C:203FH         PUBLIC        CC
  C:5BA0H         PUBLIC        AutoClear
  B:00A8H.7       PUBLIC        EA
  D:00E7H         PUBLIC        EIE2
BL51 BANKED LINKER/LOCATER V6.22            09/08/2018  12:59:16  PAGE 9


  C:5587H         PUBLIC        cA11
  B:0023H.1       PUBLIC        IsAutoCut
  B:0024H.2       PUBLIC        IsCancelPack
  D:0029H         PUBLIC        BytesRead
  B:0090H.7       PUBLIC        _WR
  D:00E4H         PUBLIC        IT01CF
  D:002BH         PUBLIC        IMGSer
  B:0022H.6       PUBLIC        DrugLSW
  C:1D32H         PUBLIC        PackWithoutPrint
  D:00A4H         PUBLIC        P0MDOUT
  D:002CH         PUBLIC        Mark
  C:1F2AH         PUBLIC        PowderCoverOpen
  D:00A5H         PUBLIC        P1MDOUT
  C:60D3H         PUBLIC        __u14pb
  D:002DH         PUBLIC        TempPWM
  D:00A8H         PUBLIC        IE
  D:00A6H         PUBLIC        P2MDOUT
  I:0053H         PUBLIC        PowderMotorState
  C:60E9H         PUBLIC        __u14pc
  D:00A7H         PUBLIC        P3MDOUT
  C:606DH         PUBLIC        __u15pc
  C:008EH         PUBLIC        _Print
  C:3F7FH         PUBLIC        anhour
  B:00F8H.1       PUBLIC        TXBMT
  B:0022H.7       PUBLIC        DrugRSW
  D:00FCH         PUBLIC        PCA0CPH0
  D:00EAH         PUBLIC        PCA0CPH1
  D:00ECH         PUBLIC        PCA0CPH2
  C:397FH         PUBLIC        after
  B:00D8H.6       PUBLIC        CR
  B:00C8H.7       PUBLIC        TF2H
  C:1282H         PUBLIC        PackForUSB
  D:0085H         PUBLIC        EMI0CF
  D:00DAH         PUBLIC        PCA0CPM0
  D:00D9H         PUBLIC        PCA0MD
  D:00D8H         PUBLIC        PCA0CN
  C:1B9EH         PUBLIC        USB_API_TEST_ISR
  D:00DBH         PUBLIC        PCA0CPM1
  C:61B5H         PUBLIC        EMIF_Init
  D:00DCH         PUBLIC        PCA0CPM2
  I:0054H         PUBLIC        PowderLocationCounter
  C:000EH         PUBLIC        Carbonini
  C:4467H         PUBLIC        sleep
  B:0021H.3       PUBLIC        PowderCoverPS
  D:00E1H         PUBLIC        XBR0
  D:00C1H         PUBLIC        SMB0CF
  B:0021H.0       PUBLIC        DrugCounterPS
  C:1E77H         PUBLIC        State_Machine
  D:00E2H         PUBLIC        XBR1
  D:00AAH         PUBLIC        EMI0CN
  D:002EH         PUBLIC        BytesWrote
  C:619DH         PUBLIC        Cpu1Command
  C:6141H         PUBLIC        _u14PAR
  C:6115H         PUBLIC        _u15PAR
  B:0024H.3       PUBLIC        Dir
  D:0030H         PUBLIC        Pointer_Packer
  B:0024H.4       PUBLIC        IsAgain
  B:0022H.2       PUBLIC        VacuumSW
  C:0003H         PUBLIC        Cpu1CommandIdel
  D:00D1H         PUBLIC        REF0CN
  C:612BH         PUBLIC        _u15PBR
  B:00E8H.5       PUBLIC        AD0INT
  D:0033H         PUBLIC        RxTimeOutCount
  C:001AH         PUBLIC        HeadWithPrint
  D:0084H         PUBLIC        EMI0TC
BL51 BANKED LINKER/LOCATER V6.22            09/08/2018  12:59:16  PAGE 10


  B:0023H.5       PUBLIC        IsPatientID
  C:16F8H         PUBLIC        _OnePack
  D:00C0H         PUBLIC        SMB0CN
  C:0B9BH         PUBLIC        main
  D:0034H         PUBLIC        accumulator
  C:3B7FH         PUBLIC        thirty
  D:00ACH         PUBLIC        SBCON1
  C:6029H         PUBLIC        Port_Ini
  C:2005H         PUBLIC        USB_PID
  D:00F1H         PUBLIC        P0MDIN
  C:60B9H         PUBLIC        Timer0_Init
  C:5DFCH         PUBLIC        FiveStep
  D:00F2H         PUBLIC        P1MDIN
  B:0024H.5       PUBLIC        IsCarbonEntry
  B:0023H.2       PUBLIC        IsShake
  C:1ED5H         PUBLIC        DrugCoverOpen
  C:61ABH         PUBLIC        Timer2_Init
  C:5DC6H         PUBLIC        MainMotorPress
  C:5CAAH         PUBLIC        USBPacking
  C:2007H         PUBLIC        USB_MfrStr
  D:0038H         PUBLIC        u14pb
  D:00B5H         PUBLIC        SBRLH1
  D:0039H         PUBLIC        u14pc
  C:2003H         PUBLIC        USB_VID
  D:00F8H         PUBLIC        SPI0CN
  D:003AH         PUBLIC        meanCount
  D:003CH         PUBLIC        CNumber
  D:003DH         PUBLIC        u15pc
  D:003EH         PUBLIC        Read_S
  D:003FH         PUBLIC        M_State
  C:5F20H         PUBLIC        _SpacePacking
  C:17C8H         PUBLIC        PackWithPrint
  D:00B4H         PUBLIC        SBRLL1
  B:00F8H.7       PUBLIC        SPIF
  B:0021H.4       PUBLIC        PaperMotorPS
  D:0089H         PUBLIC        TMOD
  D:0088H         PUBLIC        TCON
  C:5D8EH         PUBLIC        ShowPackTypeUSB
  D:00C8H         PUBLIC        TMR2CN
  D:00D4H         PUBLIC        P0SKIP
  D:00D5H         PUBLIC        P1SKIP
  D:0040H         PUBLIC        IMGTAG
  B:0024H.6       PUBLIC        IsPrintNumber
  B:0021H.2       PUBLIC        DrugCoverPS
  C:5E96H         PUBLIC        PowderToRight
  C:6087H         PUBLIC        _i_Delay
  B:0022H.3       PUBLIC        PaperEntrySW
  C:1123H         PUBLIC        Receive_Setup
  I:0055H         PUBLIC        PNumber
  C:18A3H         PUBLIC        UART1_ISR
  C:61C9H         PUBLIC        Interrupts_Init
  X:0057H         PUBLIC        errorTime
  D:00B3H         PUBLIC        OSCICL
  B:0024H.7       PUBLIC        IsPackPause
  B:0023H.3       PUBLIC        IsName
  B:0021H.5       PUBLIC        PresurePS1
  X:0059H         PUBLIC        mem
  D:0042H         PUBLIC        Ini_Location
  D:00A9H         PUBLIC        CLKSEL
  B:0021H.6       PUBLIC        PresurePS2
  I:0056H         PUBLIC        CursorLocation
  C:1AFBH         PUBLIC        Packing
  D:00BEH         PUBLIC        ADC0H
  D:00B2H         PUBLIC        OSCICN
  C:1DA8H         PUBLIC        _OneStep
BL51 BANKED LINKER/LOCATER V6.22            09/08/2018  12:59:16  PAGE 11


  C:203CH         PUBLIC        USB_PwAttributes
  C:5EF5H         PUBLIC        DisableAllDriver
  D:00BDH         PUBLIC        ADC0L
  B:0025H.0       PUBLIC        CarbonBTW
  C:5D1EH         PUBLIC        PowderToLeft
  C:1970H         PUBLIC        ADC0_ISR
  C:4867H         PUBLIC        FName
  B:00E8H.7       PUBLIC        AD0EN
  B:00A8H.1       PUBLIC        ET0
  B:0025H.1       PUBLIC        IsDrugReady
  D:0023H         PUBLIC        BitPackParameter
  C:5D56H         PUBLIC        ShowPackType
  C:203DH         PUBLIC        USB_bcdDevice
  B:00A8H.3       PUBLIC        ET1
  B:00A8H.5       PUBLIC        ET2
  B:0025H.2       PUBLIC        IsPowderMove
  B:0025H.3       PUBLIC        IsRxCommand
  D:0020H         PUBLIC        u14_PA
  D:008CH         PUBLIC        TH0
  D:0021H         PUBLIC        u15_PA
  D:008DH         PUBLIC        TH1
  B:0025H.4       PUBLIC        IsPrintDate
  D:0022H         PUBLIC        u15_PB
  C:5197H         PUBLIC        LName
  B:0023H.4       PUBLIC        IsDateTime
  B:0023H.0       PUBLIC        IsPrintPack
  B:0020H.5       PUBLIC        U14_5
  B:0020H.0       PUBLIC        LHall
  C:60FFH         PUBLIC        __u15Motor
  B:0025H.5       PUBLIC        IsShowCarbonEntry
  B:0020H.6       PUBLIC        U14_6
  B:00B0H.0       PUBLIC        _A0
  D:008AH         PUBLIC        TL0
  B:0020H.7       PUBLIC        U14_7
  B:00B0H.1       PUBLIC        _A1
  C:13C6H         PUBLIC        PowderLocate
  D:008BH         PUBLIC        TL1
  C:61D0H         PUBLIC        SYSCLK_Init
  C:002EH         PUBLIC        MainMotorRun
  C:5B57H         PUBLIC        TPHControl
  B:0025H.6       PUBLIC        IsRxTimeOut
  B:0025H.7       PUBLIC        IsFR
  C:257FH         PUBLIC        cA1
  B:0020H.1       PUBLIC        RHall
  C:2B7FH         PUBLIC        cA2
  B:0088H.4       PUBLIC        TR0
  C:317FH         PUBLIC        cA3
  B:0088H.6       PUBLIC        TR1
  C:616BH         PUBLIC        Carbon
  B:00C8H.2       PUBLIC        TR2
  X:0000H         PUBLIC        Packer
  D:0043H         PUBLIC        u14
  I:0057H         PUBLIC        PowderCounter
  I:0058H         PUBLIC        CursorLocationTemp
  C:0056H         PUBLIC        DrugToRight
  D:0044H         PUBLIC        Tempture
  D:0046H         PUBLIC        u15
  C:1CB8H         PUBLIC        RxPackInfo
  B:0020H.3       PUBLIC        CarbonHall
  I:0059H         PUBLIC        Buffer
  D:0047H         PUBLIC        BytesToWrite
  B:0022H.1       PUBLIC        FG_Powder
  C:0086H         PUBLIC        ClosePrinter
  C:5EC6H         PUBLIC        PowderNumber
  D:00D3H         PUBLIC        SBUF1
BL51 BANKED LINKER/LOCATER V6.22            09/08/2018  12:59:16  PAGE 12


  C:61BFH         PUBLIC        SPI_Init
  D:00EFH         PUBLIC        RSTSRC
  D:0049H         PUBLIC        Counter
  B:0090H.5       PUBLIC        _RESET
  C:618DH         PUBLIC        UART1_Init
  D:00E5H         PUBLIC        SMOD1
  D:00D2H         PUBLIC        SCON1
  D:00BAH         PUBLIC        AMX0N
  D:004AH         PUBLIC        CarbonError
  C:5C6EH         PUBLIC        MemoryClear
  C:14EAH         PUBLIC        CheckPauseState
  D:00BBH         PUBLIC        AMX0P
  C:2000H         PUBLIC        LengthFile
  C:1E0FH         PUBLIC        CloseLeave
  B:0026H.0       PUBLIC        IsCut
  X:DFC9H         PUBLIC        USB
  C:5F97H         PUBLIC        PaperMotorForward
  C:2031H         PUBLIC        USB_SerialStr
  B:0026H.1       PUBLIC        IsDrugMove
  B:0026H.2       PUBLIC        IsUSBRxReady
  D:004CH         PUBLIC        WriteStageLength
  B:0022H.4       PUBLIC        PowderLSW
  B:0021H.7       PUBLIC        NoUse
  C:0E53H         PUBLIC        USBPack
  C:1FD2H         PUBLIC        _CheckErrorCode
  C:5E30H         PUBLIC        PaperMotorLocate
  C:001EH         PUBLIC        _getkey
  C:2021H         PUBLIC        USB_ProductStr
  C:1F7FH         PUBLIC        _Shake
  D:00CDH         PUBLIC        TMR2H
  D:00A1H         PUBLIC        SPI0CFG
  C:1A39H         PUBLIC        _AccessCPU0
  C:6157H         PUBLIC        ADC0_Init
  D:008EH         PUBLIC        CKCON
  C:61D7H         PUBLIC        SpacePack
  C:5FBDH         PUBLIC        PaperMotorReverse
  C:604FH         PUBLIC        _Delay
  B:0022H.5       PUBLIC        PowderRSW
  D:00CCH         PUBLIC        TMR2L
  C:5F4EH         PUBLIC        _Powder
  B:0090H.6       PUBLIC        _RD
  D:00B6H         PUBLIC        FLSCL
  B:0026H.3       PUBLIC        CarbonTag
  C:377FH         PUBLIC        before
  C:617DH         PUBLIC        OSCILLATOR_Init
  D:004EH         PUBLIC        Eu14PCaa
  D:00A3H         PUBLIC        SPI0DAT
  D:004FH         PUBLIC        Eu15PCaa
  D:0050H         PUBLIC        ReadIndex
  I:0091H         PUBLIC        PowderCounterPS_LastState
  B:00E8H.4       PUBLIC        AD0BUSY
  C:15EAH         PUBLIC        _USBPrint
  C:6006H         PUBLIC        _putchar
  C:609EH         PUBLIC        PCA0_Init
  C:5F71H         PUBLIC        ini_u14
  C:5FE3H         PUBLIC        ini_u15
  -------         PROC          INI_U14
  C:5F71H         LINE#         56
  C:5F71H         LINE#         57
  C:5F73H         LINE#         58
  C:5F76H         LINE#         59
  C:5F7DH         LINE#         61
  C:5F80H         LINE#         62
  C:5F84H         LINE#         63
  C:5F86H         LINE#         64
BL51 BANKED LINKER/LOCATER V6.22            09/08/2018  12:59:16  PAGE 13


  C:5F88H         LINE#         65
  C:5F8BH         LINE#         66
  C:5F8DH         LINE#         67
  C:5F94H         LINE#         68
  C:5F96H         LINE#         69
  -------         ENDPROC       INI_U14
  -------         PROC          INI_U15
  C:5FE3H         LINE#         71
  C:5FE3H         LINE#         72
  C:5FE5H         LINE#         73
  C:5FE8H         LINE#         74
  C:5FEAH         LINE#         75
  C:5FECH         LINE#         76
  C:5FEFH         LINE#         77
  C:5FF3H         LINE#         78
  C:5FF5H         LINE#         79
  C:5FF7H         LINE#         80
  C:5FFAH         LINE#         81
  C:5FFCH         LINE#         82
  C:6003H         LINE#         83
  C:6005H         LINE#         84
  -------         ENDPROC       INI_U15
  C:5F4AH         SYMBOL        L?0726
  -------         PROC          L?0725
  -------         ENDPROC       L?0725
  C:5F4AH         SYMBOL        L?0726
  -------         PROC          _POWDER
  D:0007H         SYMBOL        type
  D:0013H         SYMBOL        pwm
  C:5F4EH         LINE#         86
  C:5F50H         LINE#         87
  C:5F50H         LINE#         88
  C:5F53H         LINE#         89
  C:5F53H         LINE#         90
  C:5F56H         LINE#         91
  C:5F58H         LINE#         92
  C:5F5BH         LINE#         93
  C:5F5BH         LINE#         94
  C:5F5EH         LINE#         95
  C:5F60H         LINE#         96
  C:5F63H         LINE#         97
  C:5F63H         LINE#         98
  C:5F66H         LINE#         99
  C:5F66H         LINE#         100
  C:5F6DH         LINE#         101
  C:5F70H         LINE#         102
  -------         ENDPROC       _POWDER
  -------         PROC          __U14PB
  D:0007H         SYMBOL        MOD
  C:60D3H         LINE#         103
  C:60D3H         LINE#         104
  C:60D5H         LINE#         105
  C:60D8H         LINE#         106
  C:60DAH         LINE#         107
  C:60DCH         LINE#         108
  C:60E0H         LINE#         109
  C:60E2H         LINE#         110
  C:60E4H         LINE#         111
  C:60E6H         LINE#         112
  C:60E8H         LINE#         113
  -------         ENDPROC       __U14PB
  -------         PROC          __U14PC
  D:0007H         SYMBOL        MOD
  C:60E9H         LINE#         114
  C:60E9H         LINE#         115
BL51 BANKED LINKER/LOCATER V6.22            09/08/2018  12:59:16  PAGE 14


  C:60EBH         LINE#         116
  C:60EEH         LINE#         117
  C:60F0H         LINE#         118
  C:60F2H         LINE#         119
  C:60F6H         LINE#         120
  C:60F8H         LINE#         121
  C:60FAH         LINE#         122
  C:60FCH         LINE#         123
  C:60FEH         LINE#         124
  -------         ENDPROC       __U14PC
  -------         PROC          L?0734
  -------         ENDPROC       L?0734
  -------         PROC          __U15PC
  D:0007H         SYMBOL        MOD
  C:606DH         LINE#         125
  C:606DH         LINE#         126
  C:606FH         LINE#         127
  C:6072H         LINE#         128
  C:6074H         LINE#         129
  C:6076H         LINE#         130
  C:6078H         LINE#         131
  C:607CH         LINE#         132
  C:607EH         LINE#         133
  C:6080H         LINE#         134
  C:6082H         LINE#         135
  -------         ENDPROC       __U15PC
  -------         PROC          __U15MOTOR
  D:0007H         SYMBOL        MOD
  C:60FFH         LINE#         137
  C:60FFH         LINE#         138
  C:6101H         LINE#         139
  C:6104H         LINE#         140
  C:6106H         LINE#         141
  C:6108H         LINE#         142
  C:610AH         LINE#         143
  C:610EH         LINE#         144
  C:6110H         LINE#         145
  C:6112H         LINE#         146
  C:6114H         LINE#         147
  -------         ENDPROC       __U15MOTOR
  -------         PROC          CUTER
  C:5C2DH         LINE#         148
  C:5C2DH         LINE#         149
  C:5C34H         LINE#         150
  C:5C36H         LINE#         151
  C:5C39H         LINE#         152
  C:5C3CH         LINE#         153
  C:5C3EH         LINE#         154
  C:5C42H         LINE#         155
  C:5C44H         LINE#         156
  C:5C46H         LINE#         157
  C:5C48H         LINE#         158
  C:5C4AH         LINE#         159
  C:5C51H         LINE#         160
  C:5C53H         LINE#         161
  C:5C56H         LINE#         162
  C:5C59H         LINE#         163
  C:5C5BH         LINE#         164
  C:5C5FH         LINE#         165
  C:5C61H         LINE#         166
  C:5C63H         LINE#         167
  C:5C65H         LINE#         168
  C:5C67H         LINE#         169
  -------         ENDPROC       CUTER
  -------         PROC          _USBPRINT
BL51 BANKED LINKER/LOCATER V6.22            09/08/2018  12:59:16  PAGE 15


  D:0004H         SYMBOL        Line
  -------         DO            
  D:0011H         SYMBOL        i
  D:0007H         SYMBOL        d
  D:0012H         SYMBOL        tmpEIE1
  D:0013H         SYMBOL        tmpEIE2
  -------         ENDDO         
  C:15EAH         LINE#         173
  C:15EEH         LINE#         174
  C:15EEH         LINE#         180
  C:15F1H         LINE#         181
  C:15F4H         LINE#         183
  C:15F6H         LINE#         184
  C:15F9H         LINE#         185
  C:15FBH         LINE#         187
  C:15FEH         LINE#         189
  C:1632H         LINE#         190
  C:1632H         LINE#         191
  C:1635H         LINE#         192
  C:1635H         LINE#         193
  C:1638H         LINE#         194
  C:163AH         LINE#         195
  C:163DH         LINE#         196
  C:1647H         LINE#         197
  C:1647H         LINE#         199
  C:1647H         LINE#         200
  C:164AH         LINE#         201
  C:164AH         LINE#         202
  C:164DH         LINE#         203
  C:164FH         LINE#         204
  C:165CH         LINE#         205
  C:1661H         LINE#         207
  C:16C6H         LINE#         208
  C:16D1H         LINE#         209
  C:16D1H         LINE#         211
  C:16D9H         LINE#         213
  C:16DCH         LINE#         215
  C:16DEH         LINE#         216
  C:16E1H         LINE#         217
  C:16E4H         LINE#         218
  -------         ENDPROC       _USBPRINT
  C:0E4FH         SYMBOL        L?0731
  -------         PROC          L?0730
  -------         ENDPROC       L?0730
  C:0E4FH         SYMBOL        L?0731
  -------         PROC          USBPACK
  B:0026H.4       SYMBOL        IsDrug
  B:0026H.5       SYMBOL        IsPrint
  -------         DO            
  D:000FH         SYMBOL        Line
  D:0006H         SYMBOL        H
  -------         ENDDO         
  C:0E53H         LINE#         221
  C:0E53H         LINE#         222
  C:0E53H         LINE#         224
  C:0E5AH         LINE#         226
  C:0E60H         LINE#         227
  C:0E60H         LINE#         230
  C:0E66H         LINE#         231
  C:0E6CH         LINE#         232
  C:0E6EH         LINE#         233
  C:0E77H         LINE#         234
  C:0E9BH         LINE#         235
  C:0E9BH         LINE#         236
  C:0E9EH         LINE#         237
BL51 BANKED LINKER/LOCATER V6.22            09/08/2018  12:59:16  PAGE 16


  C:0E9EH         LINE#         238
  C:0EA5H         LINE#         239
  C:0EC1H         LINE#         240
  C:0EC1H         LINE#         241
  C:0EC6H         LINE#         242
  C:0EC9H         LINE#         243
  C:0EC9H         LINE#         244
  C:0EE7H         LINE#         245
  C:0EE7H         LINE#         246
  C:0EEAH         LINE#         247
  C:0EEFH         LINE#         248
  C:0EEFH         LINE#         249
  C:0EF1H         LINE#         251
  C:0EF1H         LINE#         252
  C:0EF4H         LINE#         253
  C:0F02H         LINE#         254
  C:0F05H         LINE#         255
  C:0F13H         LINE#         256
  C:0F16H         LINE#         257
  C:0F24H         LINE#         258
  C:0F27H         LINE#         259
  C:0F35H         LINE#         260
  C:0F38H         LINE#         261
  C:0F46H         LINE#         262
  C:0F49H         LINE#         263
  C:0F57H         LINE#         264
  C:0F57H         LINE#         265
  C:0F65H         LINE#         266
  C:0F65H         LINE#         267
  C:0F68H         LINE#         268
  C:0F6BH         LINE#         269
  C:0F71H         LINE#         270
  C:0F71H         LINE#         272
  C:0F78H         LINE#         273
  C:0F7AH         LINE#         274
  C:0F80H         LINE#         275
  C:0F83H         LINE#         276
  C:0F86H         LINE#         277
  C:0F86H         LINE#         280
  C:0F8FH         LINE#         281
  C:0F92H         LINE#         282
  C:0F92H         LINE#         284
  C:0F99H         LINE#         285
  C:0F9BH         LINE#         286
  C:0FA1H         LINE#         287
  C:0FA4H         LINE#         288
  C:0FAAH         LINE#         289
  C:0FAEH         LINE#         290
  C:0FB0H         LINE#         291
  C:0FB8H         LINE#         294
  C:0FB8H         LINE#         296
  C:0FBDH         LINE#         297
  -------         ENDPROC       USBPACK
  -------         PROC          TPHCONTROL
  -------         DO            
  D:0007H         SYMBOL        d
  -------         ENDDO         
  C:5B57H         LINE#         299
  C:5B57H         LINE#         300
  C:5B57H         LINE#         302
  C:5B5CH         LINE#         303
  C:5B64H         LINE#         304
  C:5B69H         LINE#         306
  C:5B71H         LINE#         309
  C:5B7BH         LINE#         311
BL51 BANKED LINKER/LOCATER V6.22            09/08/2018  12:59:16  PAGE 17


  C:5B80H         LINE#         313
  C:5B83H         LINE#         315
  C:5B88H         LINE#         317
  C:5B90H         LINE#         319
  C:5B93H         LINE#         321
  C:5B98H         LINE#         323
  C:5B9BH         LINE#         325
  -------         ENDPROC       TPHCONTROL
  -------         PROC          FIVESTEP
  -------         DO            
  D:0006H         SYMBOL        d
  -------         ENDDO         
  C:5DFCH         LINE#         328
  C:5DFCH         LINE#         329
  C:5DFCH         LINE#         331
  C:5DFFH         LINE#         332
  C:5E0DH         LINE#         333
  C:5E10H         LINE#         334
  C:5E1EH         LINE#         335
  C:5E21H         LINE#         336
  C:5E2FH         LINE#         338
  -------         ENDPROC       FIVESTEP
  -------         PROC          _U15PAR
  C:6115H         LINE#         340
  C:6115H         LINE#         341
  C:6117H         LINE#         342
  C:611AH         LINE#         343
  C:611DH         LINE#         344
  C:6121H         LINE#         345
  C:6125H         LINE#         346
  C:6128H         LINE#         347
  C:612AH         LINE#         348
  -------         ENDPROC       _U15PAR
  -------         PROC          _U15PBR
  C:612BH         LINE#         349
  C:612BH         LINE#         350
  C:612DH         LINE#         351
  C:6130H         LINE#         352
  C:6133H         LINE#         353
  C:6137H         LINE#         354
  C:613BH         LINE#         355
  C:613EH         LINE#         356
  C:6140H         LINE#         357
  -------         ENDPROC       _U15PBR
  -------         PROC          _U14PAR
  C:6141H         LINE#         358
  C:6141H         LINE#         359
  C:6143H         LINE#         360
  C:6146H         LINE#         361
  C:6149H         LINE#         362
  C:614DH         LINE#         363
  C:6151H         LINE#         364
  C:6154H         LINE#         365
  C:6156H         LINE#         366
  -------         ENDPROC       _U14PAR
  -------         PROC          PORT_INI
  C:6029H         LINE#         369
  C:6029H         LINE#         371
  C:602CH         LINE#         372
  C:602FH         LINE#         373
  C:6032H         LINE#         374
  C:6035H         LINE#         375
  C:6038H         LINE#         376
  C:603BH         LINE#         377
  C:603EH         LINE#         378
BL51 BANKED LINKER/LOCATER V6.22            09/08/2018  12:59:16  PAGE 18


  C:6041H         LINE#         379
  C:6044H         LINE#         381
  C:6047H         LINE#         383
  -------         ENDPROC       PORT_INI
  -------         PROC          INTERRUPTS_INIT
  C:61C9H         LINE#         386
  C:61C9H         LINE#         387
  C:61C9H         LINE#         388
  C:61CCH         LINE#         389
  C:61CFH         LINE#         390
  -------         ENDPROC       INTERRUPTS_INIT
  -------         PROC          TIMER2_ISR
  C:5E64H         LINE#         392
  C:5E6DH         LINE#         394
  C:5E6FH         LINE#         395
  C:5E79H         LINE#         396
  C:5E79H         LINE#         397
  C:5E7BH         LINE#         398
  C:5E7EH         LINE#         399
  C:5E81H         LINE#         400
  C:5E84H         LINE#         401
  C:5E8DH         LINE#         402
  C:5E8FH         LINE#         403
  C:5E8FH         LINE#         404
  -------         ENDPROC       TIMER2_ISR
  -------         PROC          SYSCLK_INIT
  C:61D0H         LINE#         405
  C:61D0H         LINE#         406
  C:61D0H         LINE#         407
  C:61D3H         LINE#         409
  C:61D6H         LINE#         410
  -------         ENDPROC       SYSCLK_INIT
  -------         PROC          TIMER2_INIT
  C:61ABH         LINE#         411
  C:61ABH         LINE#         412
  C:61AEH         LINE#         413
  C:61B0H         LINE#         414
  C:61B2H         LINE#         415
  C:61B4H         LINE#         416
  -------         ENDPROC       TIMER2_INIT
  -------         PROC          EMIF_INIT
  C:61B5H         LINE#         417
  C:61B5H         LINE#         418
  C:61B5H         LINE#         419
  C:61B8H         LINE#         420
  C:61BBH         LINE#         421
  C:61BEH         LINE#         422
  -------         ENDPROC       EMIF_INIT
  -------         PROC          MEMORYCLEAR
  -------         DO            
  D:0006H         SYMBOL        j
  D:0004H         SYMBOL        x
  -------         ENDDO         
  C:5C6EH         LINE#         424
  C:5C6EH         LINE#         425
  C:5C6EH         LINE#         428
  C:5C71H         LINE#         429
  C:5C71H         LINE#         430
  C:5C74H         LINE#         431
  C:5C74H         LINE#         432
  C:5C93H         LINE#         434
  C:5C9EH         LINE#         435
  C:5CA9H         LINE#         437
  -------         ENDPROC       MEMORYCLEAR
  -------         PROC          MAINMOTORRUN
BL51 BANKED LINKER/LOCATER V6.22            09/08/2018  12:59:16  PAGE 19


  C:002EH         LINE#         438
  C:002EH         LINE#         439
  C:002EH         LINE#         441
  C:0031H         LINE#         442
  C:0034H         LINE#         443
  C:0034H         LINE#         444
  C:0037H         LINE#         445
  C:0039H         LINE#         446
  C:003BH         LINE#         447
  C:003CH         LINE#         448
  C:003FH         LINE#         449
  C:0042H         LINE#         450
  C:0042H         LINE#         451
  C:0045H         LINE#         452
  C:0047H         LINE#         453
  C:0049H         LINE#         454
  C:004AH         LINE#         455
  C:004DH         LINE#         456
  C:0050H         LINE#         457
  C:0052H         LINE#         458
  C:0052H         LINE#         460
  -------         ENDPROC       MAINMOTORRUN
  -------         PROC          MAIN
  -------         DO            
  D:0009H         SYMBOL        i
  D:000BH         SYMBOL        time
  D:0006H         SYMBOL        d
  -------         DO            
  D:000DH         SYMBOL        Command
  -------         ENDDO         
  -------         ENDDO         
  C:0B9BH         LINE#         480
  C:0B9BH         LINE#         481
  C:0B9BH         LINE#         483
  C:0BA6H         LINE#         485
  C:0BA9H         LINE#         486
  C:0BACH         LINE#         487
  C:0C06H         LINE#         488
  C:0C09H         LINE#         492
  C:0C0BH         LINE#         494
  C:0C0EH         LINE#         495
  C:0C11H         LINE#         496
  C:0C14H         LINE#         497
  C:0C17H         LINE#         498
  C:0C1AH         LINE#         499
  C:0C1DH         LINE#         500
  C:0C20H         LINE#         501
  C:0C23H         LINE#         502
  C:0C26H         LINE#         504
  C:0C29H         LINE#         505
  C:0C2CH         LINE#         506
  C:0C2FH         LINE#         507
  C:0C32H         LINE#         508
  C:0C35H         LINE#         512
  C:0C38H         LINE#         513
  C:0C3DH         LINE#         515
  C:0C3FH         LINE#         516
  C:0C44H         LINE#         517
  C:0C48H         LINE#         518
  C:0C4CH         LINE#         519
  C:0C4EH         LINE#         520
  C:0C52H         LINE#         521
  C:0C55H         LINE#         522
  C:0C59H         LINE#         523
  C:0C5EH         LINE#         524
BL51 BANKED LINKER/LOCATER V6.22            09/08/2018  12:59:16  PAGE 20


  C:0C67H         LINE#         525
  C:0C6FH         LINE#         526
  C:0C77H         LINE#         527
  C:0C7FH         LINE#         528
  C:0C87H         LINE#         529
  C:0C8FH         LINE#         530
  C:0C97H         LINE#         531
  C:0C9FH         LINE#         532
  C:0CA7H         LINE#         533
  C:0CAAH         LINE#         534
  C:0CB0H         LINE#         535
  C:0CB7H         LINE#         536
  C:0CBBH         LINE#         537
  C:0CBDH         LINE#         538
  C:0CC1H         LINE#         540
  C:0CC4H         LINE#         541
  C:0CC6H         LINE#         542
  C:0CCCH         LINE#         548
  C:0CD5H         LINE#         549
  C:0CDDH         LINE#         550
  C:0CE5H         LINE#         551
  C:0CE9H         LINE#         553
  C:0CF0H         LINE#         554
  C:0CF8H         LINE#         555
  C:0D00H         LINE#         556
  C:0D04H         LINE#         557
  C:0D0BH         LINE#         558
  C:0D13H         LINE#         559
  C:0D1BH         LINE#         560
  C:0D1FH         LINE#         561
  C:0D24H         LINE#         563
  C:0D26H         LINE#         566
  C:0D29H         LINE#         567
  C:0D2CH         LINE#         569
  C:0D32H         LINE#         578
  C:0D32H         LINE#         581
  C:0D35H         LINE#         582
  C:0D3AH         LINE#         601
  C:0D3FH         LINE#         602
  C:0D45H         LINE#         605
  C:0D4AH         LINE#         606
  C:0D4AH         LINE#         607
  C:0D4DH         LINE#         608
  C:0D54H         LINE#         609
  C:0D59H         LINE#         610
  C:0D5CH         LINE#         611
  C:0D65H         LINE#         612
  C:0D65H         LINE#         613
  C:0D6BH         LINE#         614
  C:0D6EH         LINE#         615
  C:0D74H         LINE#         616
  C:0D74H         LINE#         617
  C:0D77H         LINE#         618
  C:0D7CH         LINE#         619
  C:0D7CH         LINE#         620
  C:0D7FH         LINE#         621
  C:0D8DH         LINE#         622
  C:0D90H         LINE#         623
  C:0D9EH         LINE#         624
  C:0DA1H         LINE#         625
  C:0DAFH         LINE#         626
  C:0DB2H         LINE#         627
  C:0DC0H         LINE#         628
  C:0DC3H         LINE#         629
  C:0DD1H         LINE#         630
BL51 BANKED LINKER/LOCATER V6.22            09/08/2018  12:59:16  PAGE 21


  C:0DD4H         LINE#         631
  C:0DE2H         LINE#         632
  C:0DF4H         LINE#         633
  C:0DF7H         LINE#         635
  C:0DFAH         LINE#         636
  C:0DFCH         LINE#         637
  C:0E02H         LINE#         638
  C:0E02H         LINE#         639
  C:0E05H         LINE#         640
  C:0E0BH         LINE#         641
  C:0E14H         LINE#         643
  C:0E14H         LINE#         644
  C:0E17H         LINE#         645
  C:0E1CH         LINE#         646
  C:0E1FH         LINE#         648
  C:0E26H         LINE#         650
  C:0E26H         LINE#         651
  C:0E29H         LINE#         652
  C:0E2EH         LINE#         653
  C:0E31H         LINE#         654
  C:0E34H         LINE#         655
  C:0E34H         LINE#         656
  C:0E36H         LINE#         657
  C:0E3BH         LINE#         658
  C:0E3BH         LINE#         659
  C:0E3EH         LINE#         661
  C:0E45H         LINE#         663
  C:0E45H         LINE#         664
  C:0E4CH         LINE#         666
  -------         ENDPROC       MAIN
  -------         PROC          MAINMOTORPRESS
  C:5DC6H         LINE#         668
  C:5DC6H         LINE#         669
  C:5DC6H         LINE#         670
  C:5DC9H         LINE#         671
  C:5DCCH         LINE#         672
  C:5DD5H         LINE#         674
  C:5DD5H         LINE#         675
  C:5DD8H         LINE#         676
  C:5DDDH         LINE#         677
  C:5DE0H         LINE#         679
  C:5DE7H         LINE#         681
  C:5DE7H         LINE#         682
  C:5DEAH         LINE#         683
  C:5DEFH         LINE#         684
  C:5DF2H         LINE#         685
  C:5DF5H         LINE#         686
  -------         ENDPROC       MAINMOTORPRESS
  -------         PROC          USBPACKING
  C:5CAAH         LINE#         690
  C:5CAAH         LINE#         691
  C:5CAAH         LINE#         693
  C:5CB0H         LINE#         698
  C:5CB3H         LINE#         699
  C:5CB3H         LINE#         702
  C:5CB6H         LINE#         703
  C:5CB8H         LINE#         705
  C:5CB8H         LINE#         708
  C:5CBFH         LINE#         709
  C:5CC4H         LINE#         710
  C:5CC6H         LINE#         713
  C:5CCCH         LINE#         715
  C:5CD3H         LINE#         716
  C:5CD6H         LINE#         718
  C:5CDCH         LINE#         720
BL51 BANKED LINKER/LOCATER V6.22            09/08/2018  12:59:16  PAGE 22


  C:5CE2H         LINE#         721
  -------         ENDPROC       USBPACKING
  -------         PROC          DRUGCOVEROPEN
  -------         DO            
  D:000EH         SYMBOL        i
  -------         ENDDO         
  C:1ED5H         LINE#         724
  C:1ED5H         LINE#         725
  C:1ED5H         LINE#         727
  C:1EDBH         LINE#         728
  C:1EE5H         LINE#         730
  C:1EE8H         LINE#         731
  C:1EEFH         LINE#         732
  C:1EF6H         LINE#         733
  C:1EF6H         LINE#         734
  C:1EFFH         LINE#         736
  C:1EFFH         LINE#         737
  C:1F02H         LINE#         738
  C:1F07H         LINE#         739
  C:1F0AH         LINE#         741
  C:1F13H         LINE#         743
  C:1F13H         LINE#         744
  C:1F16H         LINE#         745
  C:1F1BH         LINE#         746
  C:1F1EH         LINE#         747
  C:1F20H         LINE#         748
  C:1F23H         LINE#         749
  -------         ENDPROC       DRUGCOVEROPEN
  -------         PROC          PACKFORUSB
  -------         DO            
  D:000EH         SYMBOL        PackNum
  -------         ENDDO         
  C:1282H         LINE#         753
  C:1282H         LINE#         754
  C:1282H         LINE#         755
  C:129CH         LINE#         757
  C:12A1H         LINE#         760
  C:12A7H         LINE#         761
  C:12A9H         LINE#         762
  C:12B2H         LINE#         763
  C:12B5H         LINE#         764
  C:12B5H         LINE#         766
  C:12BCH         LINE#         767
  C:12BEH         LINE#         771
  C:12C1H         LINE#         772
  C:12C4H         LINE#         773
  C:12C4H         LINE#         774
  C:12C7H         LINE#         775
  C:12CAH         LINE#         776
  C:12CCH         LINE#         778
  C:12D1H         LINE#         779
  C:12D7H         LINE#         780
  C:12DBH         LINE#         781
  C:12DDH         LINE#         782
  C:12E0H         LINE#         783
  C:12E8H         LINE#         784
  C:12F8H         LINE#         785
  C:12F8H         LINE#         786
  C:12FCH         LINE#         787
  C:12FCH         LINE#         788
  C:1302H         LINE#         789
  C:1307H         LINE#         791
  C:130AH         LINE#         792
  C:1310H         LINE#         793
  C:1311H         LINE#         795
BL51 BANKED LINKER/LOCATER V6.22            09/08/2018  12:59:16  PAGE 23


  C:1311H         LINE#         797
  C:1331H         LINE#         798
  C:1331H         LINE#         799
  C:1338H         LINE#         800
  C:133DH         LINE#         802
  C:1344H         LINE#         803
  C:1347H         LINE#         804
  C:1348H         LINE#         806
  C:1348H         LINE#         809
  C:1362H         LINE#         810
  C:1362H         LINE#         812
  C:1367H         LINE#         814
  C:136EH         LINE#         816
  C:1371H         LINE#         817
  C:1372H         LINE#         819
  C:1372H         LINE#         822
  C:1396H         LINE#         823
  C:1396H         LINE#         825
  C:139DH         LINE#         826
  C:13A4H         LINE#         827
  C:13A7H         LINE#         828
  C:13A7H         LINE#         830
  C:13A7H         LINE#         831
  C:13A7H         LINE#         833
  C:13ADH         LINE#         834
  C:13B0H         LINE#         835
  C:13B3H         LINE#         836
  C:13B6H         LINE#         837
  C:13B9H         LINE#         838
  C:13BFH         LINE#         840
  C:13C2H         LINE#         841
  C:13C5H         LINE#         843
  -------         ENDPROC       PACKFORUSB
  -------         PROC          _SPACEPACKING
  D:000FH         SYMBOL        SpaceNumber
  C:5F20H         LINE#         844
  C:5F22H         LINE#         845
  C:5F22H         LINE#         846
  C:5F2FH         LINE#         847
  C:5F2FH         LINE#         848
  C:5F34H         LINE#         849
  C:5F37H         LINE#         850
  C:5F3AH         LINE#         851
  C:5F3AH         LINE#         853
  C:5F3AH         LINE#         854
  C:5F41H         LINE#         855
  C:5F44H         LINE#         856
  C:5F49H         LINE#         857
  -------         ENDPROC       _SPACEPACKING
  -------         PROC          CHECKPAUSESTATE
  B:0026H.6       SYMBOL        IsPrint
  C:14EAH         LINE#         860
  C:14EAH         LINE#         861
  C:14EAH         LINE#         864
  C:14F0H         LINE#         867
  C:14F2H         LINE#         868
  C:14F5H         LINE#         869
  C:14F5H         LINE#         870
  C:14F8H         LINE#         871
  C:14FDH         LINE#         872
  C:1503H         LINE#         874
  C:1503H         LINE#         876
  C:1506H         LINE#         877
  C:1506H         LINE#         878
  C:150CH         LINE#         879
BL51 BANKED LINKER/LOCATER V6.22            09/08/2018  12:59:16  PAGE 24


  C:1511H         LINE#         880
  C:1517H         LINE#         881
  C:1517H         LINE#         883
  C:151DH         LINE#         884
  C:151DH         LINE#         885
  C:151FH         LINE#         886
  C:1525H         LINE#         887
  C:152AH         LINE#         888
  C:1530H         LINE#         890
  C:1532H         LINE#         893
  C:1532H         LINE#         894
  C:1535H         LINE#         895
  C:1535H         LINE#         896
  C:153AH         LINE#         898
  C:153AH         LINE#         899
  C:153AH         LINE#         901
  C:1546H         LINE#         902
  C:1546H         LINE#         903
  C:154CH         LINE#         904
  C:1551H         LINE#         905
  C:1554H         LINE#         906
  C:1557H         LINE#         907
  C:155AH         LINE#         908
  C:155DH         LINE#         909
  C:1560H         LINE#         910
  C:1560H         LINE#         911
  C:1565H         LINE#         912
  C:1569H         LINE#         914
  C:156BH         LINE#         916
  C:156BH         LINE#         917
  C:156BH         LINE#         918
  C:1571H         LINE#         919
  C:1576H         LINE#         921
  C:1581H         LINE#         922
  C:1584H         LINE#         923
  C:158AH         LINE#         924
  C:158DH         LINE#         925
  C:1590H         LINE#         926
  C:1594H         LINE#         927
  C:1597H         LINE#         928
  C:159AH         LINE#         929
  C:159DH         LINE#         930
  C:159DH         LINE#         932
  C:15A2H         LINE#         933
  C:15A2H         LINE#         934
  C:15A5H         LINE#         935
  C:15A7H         LINE#         936
  C:15A9H         LINE#         937
  C:15AFH         LINE#         938
  C:15B4H         LINE#         939
  C:15B6H         LINE#         940
  C:15B6H         LINE#         942
  C:15BCH         LINE#         943
  C:15BCH         LINE#         944
  C:15BFH         LINE#         945
  C:15C4H         LINE#         946
  C:15C9H         LINE#         947
  C:15CCH         LINE#         948
  C:15CEH         LINE#         949
  C:15D4H         LINE#         950
  C:15D6H         LINE#         951
  C:15D8H         LINE#         952
  C:15D8H         LINE#         954
  C:15DBH         LINE#         956
  C:15E2H         LINE#         957
BL51 BANKED LINKER/LOCATER V6.22            09/08/2018  12:59:16  PAGE 25


  C:15E4H         LINE#         959
  C:15E9H         LINE#         960
  C:15E9H         LINE#         961
  -------         ENDPROC       CHECKPAUSESTATE
  -------         PROC          PACKING
  C:1AFBH         LINE#         963
  C:1AFBH         LINE#         964
  C:1AFBH         LINE#         966
  C:1B01H         LINE#         967
  C:1B06H         LINE#         969
  C:1B0BH         LINE#         971
  C:1B10H         LINE#         972
  C:1B13H         LINE#         973
  C:1B13H         LINE#         974
  C:1B16H         LINE#         975
  C:1B16H         LINE#         976
  C:1B19H         LINE#         977
  C:1B19H         LINE#         979
  C:1B1FH         LINE#         983
  C:1B1FH         LINE#         984
  C:1B29H         LINE#         985
  C:1B29H         LINE#         987
  C:1B2CH         LINE#         990
  C:1B2CH         LINE#         991
  C:1B39H         LINE#         992
  C:1B39H         LINE#         993
  C:1B3CH         LINE#         994
  C:1B3CH         LINE#         995
  C:1B3CH         LINE#         996
  C:1B3EH         LINE#         997
  C:1B41H         LINE#         998
  C:1B41H         LINE#         999
  C:1B44H         LINE#         1000
  C:1B46H         LINE#         1002
  C:1B46H         LINE#         1003
  C:1B49H         LINE#         1004
  C:1B49H         LINE#         1005
  C:1B4BH         LINE#         1009
  C:1B4DH         LINE#         1010
  C:1B57H         LINE#         1012
  C:1B57H         LINE#         1013
  C:1B5AH         LINE#         1014
  C:1B5AH         LINE#         1015
  C:1B5FH         LINE#         1016
  C:1B62H         LINE#         1017
  C:1B64H         LINE#         1019
  C:1B64H         LINE#         1020
  C:1B67H         LINE#         1021
  C:1B67H         LINE#         1022
  C:1B67H         LINE#         1024
  C:1B67H         LINE#         1026
  C:1B6EH         LINE#         1027
  C:1B73H         LINE#         1028
  C:1B75H         LINE#         1029
  C:1B7AH         LINE#         1031
  C:1B80H         LINE#         1032
  C:1B87H         LINE#         1033
  C:1B8AH         LINE#         1034
  C:1B8FH         LINE#         1035
  C:1B95H         LINE#         1036
  C:1B9BH         LINE#         1037
  -------         ENDPROC       PACKING
  -------         PROC          PACKWITHOUTPRINT
  -------         DO            
  D:000EH         SYMBOL        PNumber
BL51 BANKED LINKER/LOCATER V6.22            09/08/2018  12:59:16  PAGE 26


  -------         ENDDO         
  C:1D32H         LINE#         1040
  C:1D32H         LINE#         1041
  C:1D32H         LINE#         1043
  C:1D35H         LINE#         1044
  C:1D38H         LINE#         1045
  C:1D3BH         LINE#         1046
  C:1D3EH         LINE#         1047
  C:1D3EH         LINE#         1048
  C:1D41H         LINE#         1049
  C:1D43H         LINE#         1052
  C:1D46H         LINE#         1053
  C:1D54H         LINE#         1054
  C:1D54H         LINE#         1055
  C:1D59H         LINE#         1056
  C:1D5CH         LINE#         1057
  C:1D61H         LINE#         1058
  C:1D65H         LINE#         1060
  C:1D67H         LINE#         1061
  C:1D6AH         LINE#         1062
  C:1D6AH         LINE#         1065
  C:1D6AH         LINE#         1066
  C:1D6EH         LINE#         1068
  C:1D73H         LINE#         1071
  C:1D76H         LINE#         1072
  C:1D76H         LINE#         1073
  C:1D7BH         LINE#         1074
  C:1D82H         LINE#         1075
  C:1D89H         LINE#         1076
  C:1D90H         LINE#         1078
  C:1D93H         LINE#         1079
  C:1D95H         LINE#         1081
  C:1D9DH         LINE#         1087
  C:1DA0H         LINE#         1088
  C:1DA3H         LINE#         1089
  -------         ENDPROC       PACKWITHOUTPRINT
  -------         PROC          __ONE
  D:000FH         SYMBOL        Type
  B:0026H.4       SYMBOL        IsPrint
  -------         DO            
  D:0010H         SYMBOL        n
  -------         ENDDO         
  C:5CE5H         LINE#         1091
  C:5CE7H         LINE#         1092
  C:5CE7H         LINE#         1095
  C:5CEEH         LINE#         1096
  C:5CEEH         LINE#         1097
  C:5CF1H         LINE#         1098
  C:5CF4H         LINE#         1099
  C:5CF4H         LINE#         1100
  C:5CF9H         LINE#         1101
  C:5CF9H         LINE#         1102
  C:5CFCH         LINE#         1103
  C:5D0DH         LINE#         1105
  C:5D14H         LINE#         1107
  C:5D17H         LINE#         1109
  C:5D1AH         LINE#         1110
  C:5D1DH         LINE#         1111
  C:5D1DH         LINE#         1112
  -------         ENDPROC       __ONE
  C:16ECH         SYMBOL        L?0728
  C:16F4H         SYMBOL        L?0729
  -------         PROC          L?0727
  -------         ENDPROC       L?0727
  C:16ECH         SYMBOL        L?0728
BL51 BANKED LINKER/LOCATER V6.22            09/08/2018  12:59:16  PAGE 27


  C:16F4H         SYMBOL        L?0729
  -------         PROC          _ONEPACK
  D:000FH         SYMBOL        Type
  B:0026H.4       SYMBOL        IsPrint
  B:0026H.5       SYMBOL        IsCuts
  -------         DO            
  D:0010H         SYMBOL        n
  -------         ENDDO         
  C:16F8H         LINE#         1113
  C:16FAH         LINE#         1114
  C:16FAH         LINE#         1117
  C:1701H         LINE#         1118
  C:1707H         LINE#         1119
  C:1707H         LINE#         1121
  C:170AH         LINE#         1122
  C:170FH         LINE#         1123
  C:170FH         LINE#         1125
  C:1712H         LINE#         1126
  C:1712H         LINE#         1127
  C:1723H         LINE#         1128
  C:1732H         LINE#         1130
  C:1735H         LINE#         1131
  C:1735H         LINE#         1133
  C:173AH         LINE#         1134
  C:1741H         LINE#         1135
  C:1748H         LINE#         1136
  C:174FH         LINE#         1137
  C:1754H         LINE#         1139
  C:1754H         LINE#         1141
  C:1754H         LINE#         1142
  C:1756H         LINE#         1145
  C:1756H         LINE#         1146
  C:175DH         LINE#         1147
  C:176AH         LINE#         1149
  C:176DH         LINE#         1150
  C:176DH         LINE#         1152
  C:1774H         LINE#         1153
  C:177BH         LINE#         1154
  C:1782H         LINE#         1156
  C:1782H         LINE#         1158
  C:1782H         LINE#         1159
  C:1782H         LINE#         1160
  C:1787H         LINE#         1161
  C:1787H         LINE#         1163
  C:1791H         LINE#         1164
  C:1793H         LINE#         1165
  C:1795H         LINE#         1167
  C:179AH         LINE#         1168
  C:179AH         LINE#         1170
  C:17A4H         LINE#         1171
  C:17A6H         LINE#         1172
  C:17ADH         LINE#         1173
  C:17ADH         LINE#         1174
  C:17C1H         LINE#         1176
  C:17C4H         LINE#         1178
  C:17C7H         LINE#         1179
  C:17C7H         LINE#         1180
  -------         ENDPROC       _ONEPACK
  -------         PROC          _SHAKE
  D:0006H         SYMBOL        n
  C:1F7FH         LINE#         1182
  C:1F7FH         LINE#         1183
  C:1F7FH         LINE#         1184
  C:1F82H         LINE#         1185
  C:1FA6H         LINE#         1188
BL51 BANKED LINKER/LOCATER V6.22            09/08/2018  12:59:16  PAGE 28


  C:1FA6H         LINE#         1190
  C:1FA9H         LINE#         1191
  C:1FAAH         LINE#         1192
  C:1FCEH         LINE#         1195
  C:1FCEH         LINE#         1197
  C:1FD1H         LINE#         1198
  C:1FD1H         LINE#         1200
  -------         ENDPROC       _SHAKE
  -------         PROC          CARBONINI
  C:000EH         LINE#         1202
  C:000EH         LINE#         1203
  C:000EH         LINE#         1204
  C:0012H         LINE#         1205
  C:0017H         LINE#         1206
  C:0019H         LINE#         1208
  -------         ENDPROC       CARBONINI
  -------         PROC          PACKWITHPRINT
  -------         DO            
  D:000EH         SYMBOL        PackTotal
  -------         ENDDO         
  C:17C8H         LINE#         1210
  C:17C8H         LINE#         1211
  C:17C8H         LINE#         1212
  C:17D0H         LINE#         1214
  C:17D3H         LINE#         1218
  C:17D8H         LINE#         1219
  C:17DBH         LINE#         1220
  C:17DEH         LINE#         1221
  C:17DEH         LINE#         1222
  C:17E1H         LINE#         1223
  C:17E4H         LINE#         1224
  C:17E6H         LINE#         1226
  C:17E9H         LINE#         1227
  C:17F6H         LINE#         1228
  C:17F6H         LINE#         1229
  C:17FAH         LINE#         1230
  C:17FEH         LINE#         1232
  C:1800H         LINE#         1233
  C:1808H         LINE#         1234
  C:1808H         LINE#         1235
  C:180DH         LINE#         1236
  C:1810H         LINE#         1240
  C:1813H         LINE#         1242
  C:1816H         LINE#         1243
  C:1819H         LINE#         1244
  C:181AH         LINE#         1246
  C:181AH         LINE#         1248
  C:1823H         LINE#         1249
  C:1823H         LINE#         1250
  C:1824H         LINE#         1251
  C:1827H         LINE#         1252
  C:182AH         LINE#         1253
  C:182BH         LINE#         1255
  C:182BH         LINE#         1257
  C:1833H         LINE#         1258
  C:1833H         LINE#         1259
  C:1838H         LINE#         1261
  C:1843H         LINE#         1262
  C:1846H         LINE#         1263
  C:1847H         LINE#         1265
  C:1847H         LINE#         1267
  C:1858H         LINE#         1268
  C:1858H         LINE#         1269
  C:185FH         LINE#         1271
  C:1869H         LINE#         1272
BL51 BANKED LINKER/LOCATER V6.22            09/08/2018  12:59:16  PAGE 29


  C:186CH         LINE#         1273
  C:186CH         LINE#         1275
  C:186CH         LINE#         1276
  C:186CH         LINE#         1279
  C:1872H         LINE#         1281
  C:1875H         LINE#         1282
  C:1875H         LINE#         1283
  C:187AH         LINE#         1284
  C:1881H         LINE#         1285
  C:1888H         LINE#         1286
  C:188FH         LINE#         1288
  C:1892H         LINE#         1289
  C:1894H         LINE#         1291
  C:189CH         LINE#         1297
  C:189FH         LINE#         1298
  C:18A2H         LINE#         1299
  -------         ENDPROC       PACKWITHPRINT
  -------         PROC          _PRINT
  D:0012H         SYMBOL        Line
  D:0014H         SYMBOL        Number
  -------         DO            
  D:0016H         SYMBOL        i
  D:0017H         SYMBOL        tmpEIE1
  D:0018H         SYMBOL        tmpEIE2
  D:0002H         SYMBOL        Shift
  -------         DO            
  D:0019H         SYMBOL        n
  D:001AH         SYMBOL        k
  -------         DO            
  D:001BH         SYMBOL        n
  D:001BH         SYMBOL        n
  D:001BH         SYMBOL        n
  D:001BH         SYMBOL        n
  D:001BH         SYMBOL        n
  D:001BH         SYMBOL        n
  D:001BH         SYMBOL        n
  D:001BH         SYMBOL        n
  D:001BH         SYMBOL        n
  D:001BH         SYMBOL        n
  D:001BH         SYMBOL        n
  D:001BH         SYMBOL        n
  -------         ENDDO         
  -------         DO            
  D:001BH         SYMBOL        n
  D:001BH         SYMBOL        n
  D:001BH         SYMBOL        n
  D:001BH         SYMBOL        n
  D:001BH         SYMBOL        n
  D:001BH         SYMBOL        n
  D:001BH         SYMBOL        n
  D:001BH         SYMBOL        n
  D:001BH         SYMBOL        n
  D:001BH         SYMBOL        n
  D:001BH         SYMBOL        n
  -------         ENDDO         
  -------         DO            
  D:001BH         SYMBOL        n
  D:001BH         SYMBOL        n
  D:001BH         SYMBOL        n
  D:001BH         SYMBOL        n
  D:001BH         SYMBOL        n
  D:001BH         SYMBOL        n
  D:001BH         SYMBOL        n
  D:001BH         SYMBOL        n
  D:001BH         SYMBOL        n
BL51 BANKED LINKER/LOCATER V6.22            09/08/2018  12:59:16  PAGE 30


  D:001BH         SYMBOL        n
  -------         ENDDO         
  -------         DO            
  D:001BH         SYMBOL        n
  D:001BH         SYMBOL        n
  D:001BH         SYMBOL        n
  D:001BH         SYMBOL        n
  D:001BH         SYMBOL        n
  D:001BH         SYMBOL        n
  D:001BH         SYMBOL        n
  D:001BH         SYMBOL        n
  D:001BH         SYMBOL        n
  -------         ENDDO         
  -------         DO            
  D:001BH         SYMBOL        n
  D:001BH         SYMBOL        n
  D:001BH         SYMBOL        n
  D:001BH         SYMBOL        n
  D:001BH         SYMBOL        n
  D:001BH         SYMBOL        n
  D:001BH         SYMBOL        n
  D:001BH         SYMBOL        n
  -------         ENDDO         
  -------         DO            
  D:001BH         SYMBOL        n
  D:001BH         SYMBOL        n
  D:001BH         SYMBOL        n
  D:001BH         SYMBOL        n
  D:001BH         SYMBOL        n
  D:001BH         SYMBOL        n
  D:001BH         SYMBOL        n
  -------         ENDDO         
  -------         DO            
  D:001BH         SYMBOL        n
  D:001BH         SYMBOL        n
  D:001BH         SYMBOL        n
  D:001BH         SYMBOL        n
  D:001BH         SYMBOL        n
  D:001BH         SYMBOL        n
  -------         ENDDO         
  -------         DO            
  D:001BH         SYMBOL        n
  D:001BH         SYMBOL        n
  D:001BH         SYMBOL        n
  D:001BH         SYMBOL        n
  D:001BH         SYMBOL        n
  -------         ENDDO         
  -------         DO            
  D:001BH         SYMBOL        n
  D:001BH         SYMBOL        n
  D:001BH         SYMBOL        n
  D:001BH         SYMBOL        n
  -------         ENDDO         
  -------         DO            
  D:001BH         SYMBOL        n
  D:001BH         SYMBOL        n
  D:001BH         SYMBOL        n
  -------         ENDDO         
  -------         DO            
  D:001BH         SYMBOL        n
  D:001BH         SYMBOL        n
  -------         ENDDO         
  -------         DO            
  D:001BH         SYMBOL        n
  -------         ENDDO         
BL51 BANKED LINKER/LOCATER V6.22            09/08/2018  12:59:16  PAGE 31


  -------         ENDDO         
  -------         ENDDO         
  C:008EH         LINE#         1301
  C:0096H         LINE#         1302
  C:0096H         LINE#         1307
  C:0099H         LINE#         1309
  C:009CH         LINE#         1310
  C:009FH         LINE#         1311
  C:00A2H         LINE#         1317
  C:00BFH         LINE#         1318
  C:00BFH         LINE#         1319
  C:00C2H         LINE#         1320
  C:00C2H         LINE#         1321
  C:00C5H         LINE#         1322
  C:00C7H         LINE#         1323
  C:00CAH         LINE#         1324
  C:00D4H         LINE#         1325
  C:00D4H         LINE#         1327
  C:00D4H         LINE#         1329
  C:00D7H         LINE#         1330
  C:00D7H         LINE#         1331
  C:00DAH         LINE#         1332
  C:00DCH         LINE#         1333
  C:00DFH         LINE#         1334
  C:00E6H         LINE#         1336
  C:00ECH         LINE#         1337
  C:00ECH         LINE#         1338
  C:00EFH         LINE#         1339
  C:00EFH         LINE#         1340
  C:00F2H         LINE#         1341
  C:00F4H         LINE#         1342
  C:010DH         LINE#         1343
  C:010DH         LINE#         1344
  C:0110H         LINE#         1345
  C:0132H         LINE#         1346
  C:0135H         LINE#         1347
  C:0155H         LINE#         1348
  C:0155H         LINE#         1349
  C:0158H         LINE#         1350
  C:017AH         LINE#         1351
  C:017DH         LINE#         1352
  C:019DH         LINE#         1353
  C:019DH         LINE#         1354
  C:01A0H         LINE#         1355
  C:01C2H         LINE#         1356
  C:01C5H         LINE#         1357
  C:01E5H         LINE#         1358
  C:01E5H         LINE#         1359
  C:01E8H         LINE#         1360
  C:020AH         LINE#         1361
  C:020DH         LINE#         1362
  C:022DH         LINE#         1363
  C:022DH         LINE#         1364
  C:0246H         LINE#         1365
  C:0249H         LINE#         1367
  C:0269H         LINE#         1368
  C:0269H         LINE#         1369
  C:026CH         LINE#         1370
  C:0297H         LINE#         1371
  C:029AH         LINE#         1372
  C:02BAH         LINE#         1373
  C:02BAH         LINE#         1374
  C:02BDH         LINE#         1375
  C:02E8H         LINE#         1376
  C:02EBH         LINE#         1377
BL51 BANKED LINKER/LOCATER V6.22            09/08/2018  12:59:16  PAGE 32


  C:030BH         LINE#         1378
  C:030BH         LINE#         1379
  C:0324H         LINE#         1380
  C:0327H         LINE#         1382
  C:0348H         LINE#         1383
  C:0348H         LINE#         1384
  C:034BH         LINE#         1385
  C:0376H         LINE#         1386
  C:0378H         LINE#         1387
  C:039AH         LINE#         1388
  C:039AH         LINE#         1389
  C:039DH         LINE#         1390
  C:03DAH         LINE#         1391
  C:03DCH         LINE#         1392
  C:03DFH         LINE#         1393
  C:03EAH         LINE#         1394
  C:03EAH         LINE#         1396
  C:03F0H         LINE#         1397
  C:03F0H         LINE#         1398
  C:03F3H         LINE#         1399
  C:03F3H         LINE#         1400
  C:03F6H         LINE#         1401
  C:03F8H         LINE#         1402
  C:0411H         LINE#         1403
  C:0411H         LINE#         1404
  C:0423H         LINE#         1405
  C:0445H         LINE#         1406
  C:0448H         LINE#         1407
  C:0468H         LINE#         1408
  C:0468H         LINE#         1409
  C:047AH         LINE#         1410
  C:049CH         LINE#         1411
  C:049FH         LINE#         1412
  C:04BFH         LINE#         1413
  C:04BFH         LINE#         1414
  C:04D8H         LINE#         1415
  C:04DBH         LINE#         1416
  C:04FBH         LINE#         1417
  C:04FBH         LINE#         1418
  C:0505H         LINE#         1419
  C:0530H         LINE#         1420
  C:0532H         LINE#         1421
  C:0552H         LINE#         1422
  C:0552H         LINE#         1423
  C:055DH         LINE#         1424
  C:059AH         LINE#         1425
  C:059CH         LINE#         1426
  C:059FH         LINE#         1427
  C:05AAH         LINE#         1428
[...]
  C:14A0H         LINE#         2194
  C:14A5H         LINE#         2195
  C:14ABH         LINE#         2196
  C:14AEH         LINE#         2197
  C:14B4H         LINE#         2198
  C:14B9H         LINE#         2199
  C:14C0H         LINE#         2200
  C:14C2H         LINE#         2201
  C:14C9H         LINE#         2202
  C:14CEH         LINE#         2203
  C:14D1H         LINE#         2204
  C:14D1H         LINE#         2205
  C:14D9H         LINE#         2206
  C:14DEH         LINE#         2207
  C:14E3H         LINE#         2208
  C:14E9H         LINE#         2209
  -------         ENDPROC       POWDERLOCATE
  -------         PROC          ADC0_INIT
  C:6157H         LINE#         2213
  C:6157H         LINE#         2214
  C:6157H         LINE#         2215
  C:615AH         LINE#         2217
  C:615DH         LINE#         2218
  C:6160H         LINE#         2221
  C:6163H         LINE#         2223
  C:6166H         LINE#         2225
  C:6168H         LINE#         2226
  C:616AH         LINE#         2227
  -------         ENDPROC       ADC0_INIT
  -------         PROC          ADC0_ISR
  C:1970H         LINE#         2234
  C:198DH         LINE#         2236
  C:198FH         LINE#         2238
  C:19A9H         LINE#         2239
  C:19C9H         LINE#         2241
  C:19D1H         LINE#         2245
BL51 BANKED LINKER/LOCATER V6.22            09/08/2018  12:59:16  PAGE 44


  C:19D7H         LINE#         2246
  C:19D7H         LINE#         2247
  C:19DDH         LINE#         2248
  C:1A12H         LINE#         2249
  C:1A1EH         LINE#         2250
  C:1A1EH         LINE#         2252
  -------         ENDPROC       ADC0_ISR
  -------         PROC          SHOWPACKTYPE
  C:5D56H         LINE#         2254
  C:5D56H         LINE#         2255
  C:5D56H         LINE#         2256
  C:5D5CH         LINE#         2257
  C:5D5CH         LINE#         2258
  C:5D61H         LINE#         2259
  C:5D67H         LINE#         2260
  C:5D68H         LINE#         2261
  C:5D6FH         LINE#         2262
  C:5D6FH         LINE#         2263
  C:5D74H         LINE#         2264
  C:5D7AH         LINE#         2265
  C:5D7BH         LINE#         2266
  C:5D82H         LINE#         2267
  C:5D82H         LINE#         2268
  C:5D87H         LINE#         2269
  C:5D8DH         LINE#         2270
  C:5D8DH         LINE#         2271
  -------         ENDPROC       SHOWPACKTYPE
  -------         PROC          SHOWPACKTYPEUSB
  C:5D8EH         LINE#         2273
  C:5D8EH         LINE#         2274
  C:5D8EH         LINE#         2275
  C:5D94H         LINE#         2276
  C:5D94H         LINE#         2277
  C:5D99H         LINE#         2278
  C:5D9FH         LINE#         2279
  C:5DA0H         LINE#         2280
  C:5DA7H         LINE#         2281
  C:5DA7H         LINE#         2282
  C:5DACH         LINE#         2283
  C:5DB2H         LINE#         2284
  C:5DB3H         LINE#         2285
  C:5DBAH         LINE#         2286
  C:5DBAH         LINE#         2287
  C:5DBFH         LINE#         2288
  C:5DC5H         LINE#         2289
  C:5DC5H         LINE#         2290
  -------         ENDPROC       SHOWPACKTYPEUSB
  -------         PROC          UART1_INIT
  C:618DH         LINE#         2292
  C:618DH         LINE#         2300
  C:6190H         LINE#         2301
  C:6193H         LINE#         2302
  C:6196H         LINE#         2303
  C:6199H         LINE#         2304
  C:619CH         LINE#         2305
  -------         ENDPROC       UART1_INIT
  -------         PROC          _PUTCHAR
  D:0007H         SYMBOL        cData
  -------         DO            
  D:0004H         SYMBOL        i
  -------         ENDDO         
  C:6006H         LINE#         2308
  C:6006H         LINE#         2309
  C:6006H         LINE#         2310
  C:600AH         LINE#         2311
BL51 BANKED LINKER/LOCATER V6.22            09/08/2018  12:59:16  PAGE 45


  C:600FH         LINE#         2312
  C:6011H         LINE#         2313
  C:6018H         LINE#         2314
  C:601BH         LINE#         2315
  C:601EH         LINE#         2316
  C:601EH         LINE#         2317
  C:6028H         LINE#         2318
  -------         ENDPROC       _PUTCHAR
  -------         PROC          _GETKEY
  -------         DO            
  D:0007H         SYMBOL        c
  -------         ENDDO         
  C:001EH         LINE#         2321
  C:001EH         LINE#         2323
  C:0023H         LINE#         2324
  C:0025H         LINE#         2325
  C:0028H         LINE#         2326
  C:0028H         LINE#         2327
  -------         ENDPROC       _GETKEY
  -------         PROC          DISABLEALLDRIVER
  C:5EF5H         LINE#         2329
  C:5EF5H         LINE#         2330
  C:5EF5H         LINE#         2332
  C:5EF8H         LINE#         2335
  C:5EFBH         LINE#         2336
  C:5EFEH         LINE#         2338
  C:5F01H         LINE#         2339
  C:5F04H         LINE#         2340
  C:5F07H         LINE#         2342
  C:5F0AH         LINE#         2343
  C:5F10H         LINE#         2345
  C:5F13H         LINE#         2346
  C:5F16H         LINE#         2347
  C:5F19H         LINE#         2348
  C:5F1CH         LINE#         2349
  C:5F1FH         LINE#         2350
  -------         ENDPROC       DISABLEALLDRIVER
  -------         PROC          RXPACKINFO
  -------         DO            
  X:DFD6H         SYMBOL        i
  X:DFD9H         SYMBOL        aa
  X:E000H         SYMBOL        j
  -------         ENDDO         
  C:1CB8H         LINE#         2352
  C:1CB8H         LINE#         2353
  C:1CB8H         LINE#         2354
  C:1CBDH         LINE#         2356
  C:1CC0H         LINE#         2358
  C:1CE0H         LINE#         2359
  C:1CE0H         LINE#         2360
  C:1CE5H         LINE#         2361
  C:1CE8H         LINE#         2362
  C:1CF8H         LINE#         2363
  C:1D16H         LINE#         2364
  C:1D1CH         LINE#         2365
  C:1D28H         LINE#         2366
  C:1D2EH         LINE#         2367
  C:1D31H         LINE#         2368
  -------         ENDPROC       RXPACKINFO
  -------         PROC          _ACCESSCPU0
  D:0013H         SYMBOL        Command
  -------         DO            
  D:0014H         SYMBOL        i
  -------         ENDDO         
  C:1A39H         LINE#         2371
BL51 BANKED LINKER/LOCATER V6.22            09/08/2018  12:59:16  PAGE 46


  C:1A3BH         LINE#         2372
  C:1A3BH         LINE#         2373
  C:1A40H         LINE#         2376
  C:1A45H         LINE#         2378
  C:1A4AH         LINE#         2380
  C:1A52H         LINE#         2382
  C:1A5AH         LINE#         2384
  C:1A62H         LINE#         2386
  C:1A6CH         LINE#         2388
  C:1A74H         LINE#         2391
  C:1A76H         LINE#         2392
  C:1A79H         LINE#         2393
  C:1A79H         LINE#         2394
  C:1A94H         LINE#         2395
  C:1A94H         LINE#         2396
  C:1A99H         LINE#         2397
  C:1AA2H         LINE#         2398
  C:1AA8H         LINE#         2399
  C:1AAAH         LINE#         2401
  C:1AAAH         LINE#         2402
  C:1AAAH         LINE#         2404
  C:1AAFH         LINE#         2405
  C:1AAFH         LINE#         2406
  C:1AB2H         LINE#         2407
  C:1AB4H         LINE#         2409
  C:1AB4H         LINE#         2410
  C:1ABBH         LINE#         2411
  C:1ABBH         LINE#         2413
  C:1AC4H         LINE#         2415
  C:1ACCH         LINE#         2416
  C:1ACCH         LINE#         2417
  C:1AD3H         LINE#         2418
  C:1AD3H         LINE#         2419
  C:1AD8H         LINE#         2420
  C:1AD8H         LINE#         2422
  C:1AD8H         LINE#         2423
  C:1ADFH         LINE#         2424
  C:1ADFH         LINE#         2425
  C:1AE1H         LINE#         2426
  C:1AE4H         LINE#         2427
  C:1AE4H         LINE#         2428
  C:1AF1H         LINE#         2430
  C:1AF1H         LINE#         2431
  C:1AF3H         LINE#         2432
  C:1AF4H         LINE#         2433
  C:1AF8H         LINE#         2434
  C:1AF8H         LINE#         2435
  C:1AFAH         LINE#         2436
  C:1AFAH         LINE#         2437
  C:1AFAH         LINE#         2438
  C:1AFAH         LINE#         2439
  -------         ENDPROC       _ACCESSCPU0
  -------         PROC          CPU1COMMAND
  C:619DH         LINE#         2441
  C:619DH         LINE#         2442
  C:619DH         LINE#         2443
  C:61A4H         LINE#         2444
  C:61A4H         LINE#         2445
  C:61A5H         LINE#         2446
  C:61A5H         LINE#         2448
  C:61A5H         LINE#         2449
  C:61AAH         LINE#         2450
  C:61AAH         LINE#         2451
  -------         ENDPROC       CPU1COMMAND
  -------         PROC          CPU1COMMANDIDEL
BL51 BANKED LINKER/LOCATER V6.22            09/08/2018  12:59:16  PAGE 47


  C:0003H         LINE#         2453
  C:0003H         LINE#         2454
  C:0003H         LINE#         2455
  C:0008H         LINE#         2456
  C:000AH         LINE#         2457
  -------         ENDPROC       CPU1COMMANDIDEL
  -------         PROC          UART1_ISR
  C:18A3H         LINE#         2460
  C:18B4H         LINE#         2462
  C:18B7H         LINE#         2463
  C:18BCH         LINE#         2464
  C:18BCH         LINE#         2465
  C:18BFH         LINE#         2466
  C:18BFH         LINE#         2468
  C:18C7H         LINE#         2469
  C:18C7H         LINE#         2470
  C:18CAH         LINE#         2471
  C:18D5H         LINE#         2472
  C:18EDH         LINE#         2473
  C:18EDH         LINE#         2474
  C:18F4H         LINE#         2475
  C:18F4H         LINE#         2476
  C:18F7H         LINE#         2477
  C:1900H         LINE#         2479
  C:1903H         LINE#         2480
  C:1905H         LINE#         2481
  C:1907H         LINE#         2483
  C:1907H         LINE#         2484
  C:1907H         LINE#         2485
  C:1907H         LINE#         2486
  C:1909H         LINE#         2487
  C:1921H         LINE#         2488
  C:1921H         LINE#         2489
  C:192AH         LINE#         2490
  C:192CH         LINE#         2491
  C:1944H         LINE#         2492
  C:1944H         LINE#         2493
  C:194DH         LINE#         2494
  C:194FH         LINE#         2495
  C:1951H         LINE#         2496
  C:1953H         LINE#         2497
  C:1955H         LINE#         2499
  C:1955H         LINE#         2500
  C:195EH         LINE#         2502
  C:195EH         LINE#         2504
  C:195EH         LINE#         2506
  C:1961H         LINE#         2507
  -------         ENDPROC       UART1_ISR
  -------         PROC          POWDERCOVEROPEN
  -------         DO            
  D:000EH         SYMBOL        i
  -------         ENDDO         
  C:1F2AH         LINE#         2509
  C:1F2AH         LINE#         2510
  C:1F2AH         LINE#         2512
  C:1F30H         LINE#         2513
  C:1F3AH         LINE#         2515
  C:1F3DH         LINE#         2516
  C:1F44H         LINE#         2517
  C:1F4BH         LINE#         2518
  C:1F4BH         LINE#         2519
  C:1F54H         LINE#         2521
  C:1F54H         LINE#         2522
  C:1F57H         LINE#         2523
  C:1F5CH         LINE#         2524
BL51 BANKED LINKER/LOCATER V6.22            09/08/2018  12:59:16  PAGE 48


  C:1F5FH         LINE#         2526
  C:1F68H         LINE#         2528
  C:1F68H         LINE#         2529
  C:1F6BH         LINE#         2530
  C:1F70H         LINE#         2531
  C:1F73H         LINE#         2532
  C:1F75H         LINE#         2533
  C:1F78H         LINE#         2534
  -------         ENDPROC       POWDERCOVEROPEN
  -------         PROC          _CHECKERRORCODE
  D:0003H         SYMBOL        ECode
  C:1FD2H         LINE#         2537
  C:1FD4H         LINE#         2538
  C:1FD4H         LINE#         2539
  C:1FE2H         LINE#         2540
  C:1FE2H         LINE#         2541
  C:1FE5H         LINE#         2543
  C:1FEAH         LINE#         2544
  C:1FEAH         LINE#         2545
  C:1FEAH         LINE#         2546
  C:1FF0H         LINE#         2547
  C:1FF5H         LINE#         2549
  C:1FFCH         LINE#         2550
  C:1FFEH         LINE#         2551
  C:1FFEH         LINE#         2552
  -------         ENDPROC       _CHECKERRORCODE
  -------         PROC          AUTOCLEAR
  C:5BA0H         LINE#         2554
  C:5BA0H         LINE#         2555
  C:5BA0H         LINE#         2556
  C:5BA5H         LINE#         2557
  C:5BABH         LINE#         2559
  C:5BB0H         LINE#         2562
  C:5BB3H         LINE#         2563
  C:5BB3H         LINE#         2564
  C:5BB6H         LINE#         2565
  C:5BB6H         LINE#         2566
  C:5BBCH         LINE#         2567
  C:5BBFH         LINE#         2568
  C:5BC2H         LINE#         2571
  C:5BC6H         LINE#         2572
  C:5BCDH         LINE#         2574
  C:5BD1H         LINE#         2575
  C:5BD4H         LINE#         2577
  C:5BD9H         LINE#         2578
  C:5BDFH         LINE#         2579
  C:5BE4H         LINE#         2580
  -------         ENDPROC       AUTOCLEAR
  -------         PROC          HEADWITHPRINT
  C:001AH         LINE#         2585
  C:001AH         LINE#         2586
  C:001AH         LINE#         2587
  -------         ENDPROC       HEADWITHPRINT
  -------         ENDMOD        PRINTER

  -------         MODULE        ?C?FPADD
  C:073AH         PUBLIC        ?C?FPADD
  C:0736H         PUBLIC        ?C?FPSUB
  -------         ENDMOD        ?C?FPADD

  -------         MODULE        ?C?FPDIV
  C:082EH         PUBLIC        ?C?FPDIV
  -------         ENDMOD        ?C?FPDIV

  -------         MODULE        ?C?FCAST
BL51 BANKED LINKER/LOCATER V6.22            09/08/2018  12:59:16  PAGE 49


  C:08D5H         PUBLIC        ?C?FCASTC
  C:08D0H         PUBLIC        ?C?FCASTI
  C:08CBH         PUBLIC        ?C?FCASTL
  -------         ENDMOD        ?C?FCAST

  -------         MODULE        ?C?CASTF
  C:0909H         PUBLIC        ?C?CASTF
  -------         ENDMOD        ?C?CASTF

  -------         MODULE        ?C?CLDPTR
  C:098AH         PUBLIC        ?C?CLDPTR
  -------         ENDMOD        ?C?CLDPTR

  -------         MODULE        ?C?CSTPTR
  C:09A3H         PUBLIC        ?C?CSTPTR
  -------         ENDMOD        ?C?CSTPTR

  -------         MODULE        ?C?SIDIV
  C:09B5H         PUBLIC        ?C?SIDIV
  -------         ENDMOD        ?C?SIDIV

  -------         MODULE        ?C?IILDX
  C:09EBH         PUBLIC        ?C?IILDX
  -------         ENDMOD        ?C?IILDX

  -------         MODULE        ?C?ILDIX
  C:0A01H         PUBLIC        ?C?ILDIX
  -------         ENDMOD        ?C?ILDIX

  -------         MODULE        ?C?ULDIV
  C:0A53H         PUBLIC        ?C?ULDIV
  -------         ENDMOD        ?C?ULDIV

  -------         MODULE        ?C?LNEG
  C:0AE5H         PUBLIC        ?C?LNEG
  -------         ENDMOD        ?C?LNEG

  -------         MODULE        ?C?SLCMP
  C:0AF3H         PUBLIC        ?C?SLCMP
  -------         ENDMOD        ?C?SLCMP

  -------         MODULE        ?C?ULCMP
  C:0B09H         PUBLIC        ?C?ULCMP
  -------         ENDMOD        ?C?ULCMP

  -------         MODULE        ?C?LLDIIDATA
  C:0B23H         PUBLIC        ?C?LLDIIDATA
  C:0B1AH         PUBLIC        ?C?LLDIIDATA1
  C:0B1CH         PUBLIC        ?C?LLDIIDATA8
  -------         ENDMOD        ?C?LLDIIDATA

  -------         MODULE        ?C?OFFXADD
  C:0B3AH         PUBLIC        ?C?OFFXADD
  -------         ENDMOD        ?C?OFFXADD

  -------         MODULE        ?C?UIDIV
  C:0B46H         PUBLIC        ?C?UIDIV
  -------         ENDMOD        ?C?UIDIV

*** WARNING L16: UNCALLED SEGMENT, IGNORED FOR OVERLAY PROCESS
    SEGMENT: ?PR?__U15MOTOR?PRINTER

*** WARNING L16: UNCALLED SEGMENT, IGNORED FOR OVERLAY PROCESS
    SEGMENT: ?PR?INTERRUPTS_INIT?PRINTER

BL51 BANKED LINKER/LOCATER V6.22            09/08/2018  12:59:16  PAGE 50


*** WARNING L16: UNCALLED SEGMENT, IGNORED FOR OVERLAY PROCESS
    SEGMENT: ?PR?SYSCLK_INIT?PRINTER

*** WARNING L16: UNCALLED SEGMENT, IGNORED FOR OVERLAY PROCESS
    SEGMENT: ?PR?POWDERTORIGHT?PRINTER

*** WARNING L16: UNCALLED SEGMENT, IGNORED FOR OVERLAY PROCESS
    SEGMENT: ?PR?DRUGTORIGHT?PRINTER

*** WARNING L16: UNCALLED SEGMENT, IGNORED FOR OVERLAY PROCESS
    SEGMENT: ?PR?CLOSELEAVE?PRINTER

*** WARNING L16: UNCALLED SEGMENT, IGNORED FOR OVERLAY PROCESS
    SEGMENT: ?PR?SHOWPACKTYPEUSB?PRINTER

*** WARNING L16: UNCALLED SEGMENT, IGNORED FOR OVERLAY PROCESS
    SEGMENT: ?PR?UART1_INIT?PRINTER

*** WARNING L16: UNCALLED SEGMENT, IGNORED FOR OVERLAY PROCESS
    SEGMENT: ?PR?_GETKEY?PRINTER

*** WARNING L1: UNRESOLVED EXTERNAL SYMBOL
    SYMBOL:  USB_INT_ENABLE
    MODULE:  E:\퉥�]업\PressFit\printer.obj (PRINTER)

*** WARNING L1: UNRESOLVED EXTERNAL SYMBOL
    SYMBOL:  RECEIVE_FILE
    MODULE:  E:\퉥�]업\PressFit\printer.obj (PRINTER)

*** WARNING L1: UNRESOLVED EXTERNAL SYMBOL
    SYMBOL:  GET_INTERRUPT_SOURCE
    MODULE:  E:\퉥�]업\PressFit\printer.obj (PRINTER)

*** WARNING L1: UNRESOLVED EXTERNAL SYMBOL
    SYMBOL:  USB_CLOCK_START
    MODULE:  E:\퉥�]업\PressFit\printer.obj (PRINTER)

*** WARNING L1: UNRESOLVED EXTERNAL SYMBOL
    SYMBOL:  _BLOCK_READ
    MODULE:  E:\퉥�]업\PressFit\printer.obj (PRINTER)

*** WARNING L1: UNRESOLVED EXTERNAL SYMBOL
    SYMBOL:  _BLOCK_WRITE
    MODULE:  E:\퉥�]업\PressFit\printer.obj (PRINTER)

*** WARNING L1: UNRESOLVED EXTERNAL SYMBOL
    SYMBOL:  _USB_INIT
    MODULE:  E:\퉥�]업\PressFit\printer.obj (PRINTER)

*** WARNING L1: UNRESOLVED EXTERNAL SYMBOL
    SYMBOL:  ?_USB_INIT?BYTE
    MODULE:  E:\퉥�]업\PressFit\printer.obj (PRINTER)

*** WARNING L2: REFERENCE MADE TO UNRESOLVED EXTERNAL
    SYMBOL:  USB_CLOCK_START
    MODULE:  E:\퉥�]업\PressFit\printer.obj (PRINTER)
    ADDRESS: 0BAAH

*** WARNING L2: REFERENCE MADE TO UNRESOLVED EXTERNAL
    SYMBOL:  ?_USB_INIT?BYTE
    MODULE:  E:\퉥�]업\PressFit\printer.obj (PRINTER)
    ADDRESS: 0BC1H

*** WARNING L2: REFERENCE MADE TO UNRESOLVED EXTERNAL
    SYMBOL:  ?_USB_INIT?BYTE
BL51 BANKED LINKER/LOCATER V6.22            09/08/2018  12:59:16  PAGE 51


    MODULE:  E:\퉥�]업\PressFit\printer.obj (PRINTER)
    ADDRESS: 0BE0H

*** WARNING L2: REFERENCE MADE TO UNRESOLVED EXTERNAL
    SYMBOL:  ?_USB_INIT?BYTE
    MODULE:  E:\퉥�]업\PressFit\printer.obj (PRINTER)
    ADDRESS: 0BE9H

*** WARNING L2: REFERENCE MADE TO UNRESOLVED EXTERNAL
    SYMBOL:  ?_USB_INIT?BYTE
    MODULE:  E:\퉥�]업\PressFit\printer.obj (PRINTER)
    ADDRESS: 0BF6H

*** WARNING L2: REFERENCE MADE TO UNRESOLVED EXTERNAL
    SYMBOL:  _USB_INIT
    MODULE:  E:\퉥�]업\PressFit\printer.obj (PRINTER)
    ADDRESS: 0C04H

*** WARNING L2: REFERENCE MADE TO UNRESOLVED EXTERNAL
    SYMBOL:  USB_INT_ENABLE
    MODULE:  E:\퉥�]업\PressFit\printer.obj (PRINTER)
    ADDRESS: 0C07H

*** WARNING L2: REFERENCE MADE TO UNRESOLVED EXTERNAL
    SYMBOL:  RECEIVE_FILE
    MODULE:  E:\퉥�]업\PressFit\printer.obj (PRINTER)
    ADDRESS: 1E8DH

*** WARNING L2: REFERENCE MADE TO UNRESOLVED EXTERNAL
    SYMBOL:  _BLOCK_WRITE
    MODULE:  E:\퉥�]업\PressFit\printer.obj (PRINTER)
    ADDRESS: 1EBCH

*** WARNING L2: REFERENCE MADE TO UNRESOLVED EXTERNAL
    SYMBOL:  GET_INTERRUPT_SOURCE
    MODULE:  E:\퉥�]업\PressFit\printer.obj (PRINTER)
    ADDRESS: 1BBCH

*** WARNING L2: REFERENCE MADE TO UNRESOLVED EXTERNAL
    SYMBOL:  _BLOCK_READ
    MODULE:  E:\퉥�]업\PressFit\printer.obj (PRINTER)
    ADDRESS: 112EH

*** WARNING L2: REFERENCE MADE TO UNRESOLVED EXTERNAL
    SYMBOL:  _BLOCK_WRITE
    MODULE:  E:\퉥�]업\PressFit\printer.obj (PRINTER)
    ADDRESS: 11B6H

*** WARNING L2: REFERENCE MADE TO UNRESOLVED EXTERNAL
    SYMBOL:  _BLOCK_WRITE
    MODULE:  E:\퉥�]업\PressFit\printer.obj (PRINTER)
    ADDRESS: 1278H

Program Size: data=144.0 xdata=57345 code=25046
LINK/LOCATE RUN COMPLETE.  30 WARNING(S),  0 ERROR(S)
